2026-04-12 19:48:59,242 [INFO] root: Initialized ScraperSquads with storage_type=local, data_dir=data, schema_dir=schema, log_dir=logs
2026-04-12 19:48:59,242 [INFO] root: Pagination set: 50 per page, page 1, detailed: True
2026-04-12 19:48:59,242 [INFO] root: Starting squads download: 3 seasons
2026-04-12 19:48:59,243 [INFO] root: Processing 1/3: Torneo Federal A - 2026
2026-04-12 19:48:59,244 [INFO] root: Requesting API URL: https://api.performfeeds.com/soccerdata/squads/ft1tiv1inq7v1sk3y9tv12yh5/?_rt=c&tmcl=1q9caek968o8ubc43inhg6uxg&_pgSz=50&_pgNm=1&detailed=yes&_lcl=en&_fmt=jsonp&sps=widgets&_clbk=W3e14cbc3e4b2577e854bf210e5a3c7028c7409678
2026-04-12 19:49:00,150 [INFO] root: Squads saved: data\south_america\argentina\torneo_federal_a\a08z7wsz0uqx90wsj33g65fcd\2026\squads.json
2026-04-12 19:49:02,372 [INFO] root: Processing 2/3: Prim B Metro - 2026
2026-04-12 19:49:02,379 [INFO] root: Requesting API URL: https://api.performfeeds.com/soccerdata/squads/ft1tiv1inq7v1sk3y9tv12yh5/?_rt=c&tmcl=epr9s9zih7yd5dygat10o64us&_pgSz=50&_pgNm=1&detailed=yes&_lcl=en&_fmt=jsonp&sps=widgets&_clbk=W3e14cbc3e4b2577e854bf210e5a3c7028c7409678
2026-04-12 19:49:02,964 [INFO] root: Squads saved: data\south_america\argentina\prim_b_metro\66nxwll8fur0rtp9q7wqaki1l\2026\squads.json
2026-04-12 19:49:05,028 [INFO] root: Processing 3/3: Torneo Proyección - 2026
2026-04-12 19:49:05,031 [INFO] root: Requesting API URL: https://api.performfeeds.com/soccerdata/squads/ft1tiv1inq7v1sk3y9tv12yh5/?_rt=c&tmcl=3trr1fkbng6fnagct7101bpck&_pgSz=50&_pgNm=1&detailed=yes&_lcl=en&_fmt=jsonp&sps=widgets&_clbk=W3e14cbc3e4b2577e854bf210e5a3c7028c7409678
2026-04-12 19:49:05,353 [INFO] root: Squads saved: data\south_america\argentina\torneo_proyeccion\2f3fydvyjz2svhlc1eo3qflwd\2026\squads.json
2026-04-12 19:49:06,975 [INFO] root: ==================================================
2026-04-12 19:49:06,976 [INFO] root: FINAL SUMMARY
2026-04-12 19:49:06,976 [INFO] root: ==================================================
2026-04-12 19:49:06,976 [INFO] root: Total time: 7.7 seconds
2026-04-12 19:49:06,976 [INFO] root: Seasons processed: 3/3
2026-04-12 19:49:06,976 [INFO] root: Success: 3
2026-04-12 19:49:06,976 [INFO] root: Skipped (already existed): 0
2026-04-12 19:49:06,976 [INFO] root: Errors: 0
2026-04-12 19:49:06,976 [INFO] root: Average speed: 23.28 seasons/minute
2026-04-12 19:49:06,979 [INFO] root: Squads summary saved to: schema\all_squads.csv
2026-04-12 19:49:06,980 [INFO] root: Initialized ScraperSquads with storage_type=local, data_dir=data, schema_dir=schema, log_dir=logs
2026-04-12 19:49:06,982 [INFO] root: Loaded squads summary from: schema\all_squads.csv
