2026-04-12 19:42:59,750 [INFO] root: Initialized ScraperCompetition with storage_type=local, data_dir=data, schema_dir=schema, log_dir=logs
2026-04-12 19:42:59,750 [INFO] root: Initialized ScraperCompetition with storage: LOCAL
2026-04-12 19:42:59,750 [INFO] root:    - Filters - Continents: ['South America'], Countries: ['Argentina'], Competitions: None
2026-04-12 19:42:59,750 [INFO] root: fetch_competitions_data - Fetching competition data...
2026-04-12 19:43:00,189 [INFO] root: Peticion: https://www.scoresway.com/en_GB/soccer/competitions
2026-04-12 19:43:00,189 [INFO] root: Headers: {'accept': 'text/html,application/xhtml+xml,application/xml;q=0.9,image/avif,image/webp,image/apng,*/*;q=0.8,application/signed-exchange;v=b3;q=0.7', 'accept-language': 'es-ES,es;q=0.9', 'priority': 'u=0, i', 'referer': 'https://www.scoresway.com/en_GB/soccer/competitions', 'cache-control': 'no-cache', 'pragma': 'no-cache', 'sec-ch-ua': '"Not:A-Brand";v="99", "Google Chrome";v="145", "Chromium";v="145"', 'sec-ch-ua-mobile': '?0', 'sec-ch-ua-platform': '"Windows"', 'sec-fetch-dest': 'document', 'sec-fetch-mode': 'navigate', 'sec-fetch-site': 'same-origin', 'upgrade-insecure-requests': '1', 'user-agent': 'Mozilla/5.0 (Windows NT 10.0; Win64; x64) AppleWebKit/537.36 (KHTML, like Gecko) Chrome/145.0.0.0 Safari/537.36', 'Cookie': '_ga=GA1.1.558066127.1772281928; _ga_7T677PWWJ1=GS2.1.s1772309810$o3$g0$t1772309810$j60$l0$h0; ak_bmsc=F5884D48868D2B6961250D11D360A937~000000000000000000000000000000~YAAQHbsUAhMiNmKdAQAA3OrFgh8cWJBjQA6eQnP2nlysC4SdGfFCvaVJqMHV9oAY9C0X/4V4+i/Ge7+flQ2t4xTkQMmV0gqBzaVXJSXH6tq4ttHYHhkWuckZfBYpI7hxiiWr/DGYCPFwNfJAUAEhQzTCCuLSLL7fDSyePIsnOI4B8rnMwfWFjbKKbs7eId7XZyQWOF/kJ0biC3GU8Meogy/wyyX0hrb2CxUAftWhoxIp/oAPdPcCCrSUXMffssFEKv4nDRcIstzY8Qzk+qwfIRKCAi7KuuJc5qlbeJFY6ROCvadQ/vprdFqLHqYPvLbJg3Dgb+taZLCamBcAbrwBEt928Ht6gXMgc+KyYR65cy69broVosHtG/wCE+gbNnzndJrIyyybem9FkH/FcIBfbVJNoBJINViyDoO/Nb7ocamOXNFCwwlqYK3OK4fhJt2uebtPSVx97bqw7cr5e3e3fs8Gbov4cgnRUD5Xr28S80EBYK7E5xzfkOqXGCg='}
2026-04-12 19:43:00,189 [INFO] root: Respuesta: 200
2026-04-12 19:43:00,222 [INFO] root: Initialized ScraperCompetition with storage_type=local, data_dir=data, schema_dir=schema, log_dir=logs
2026-04-12 19:43:00,222 [INFO] root: Initialized ScraperCompetition with storage: LOCAL
2026-04-12 19:43:00,222 [INFO] root:    - Filters - Continents: ['South America'], Countries: ['Argentina'], Competitions: {'South America': {'Argentina': [('Torneo Federal A', 'a08z7wsz0uqx90wsj33g65fcd'), ('Prim B Metro', '66nxwll8fur0rtp9q7wqaki1l'), ('Torneo Proyección', '2f3fydvyjz2svhlc1eo3qflwd')]}}
2026-04-12 19:43:00,222 [INFO] root: fetch_competitions_data - Fetching competition data...
2026-04-12 19:43:00,636 [INFO] root: Peticion: https://www.scoresway.com/en_GB/soccer/competitions
2026-04-12 19:43:00,636 [INFO] root: Headers: {'accept': 'text/html,application/xhtml+xml,application/xml;q=0.9,image/avif,image/webp,image/apng,*/*;q=0.8,application/signed-exchange;v=b3;q=0.7', 'accept-language': 'es-ES,es;q=0.9', 'priority': 'u=0, i', 'referer': 'https://www.scoresway.com/en_GB/soccer/competitions', 'cache-control': 'no-cache', 'pragma': 'no-cache', 'sec-ch-ua': '"Not:A-Brand";v="99", "Google Chrome";v="145", "Chromium";v="145"', 'sec-ch-ua-mobile': '?0', 'sec-ch-ua-platform': '"Windows"', 'sec-fetch-dest': 'document', 'sec-fetch-mode': 'navigate', 'sec-fetch-site': 'same-origin', 'upgrade-insecure-requests': '1', 'user-agent': 'Mozilla/5.0 (Windows NT 10.0; Win64; x64) AppleWebKit/537.36 (KHTML, like Gecko) Chrome/145.0.0.0 Safari/537.36', 'Cookie': '_ga=GA1.1.558066127.1772281928; _ga_7T677PWWJ1=GS2.1.s1772309810$o3$g0$t1772309810$j60$l0$h0; ak_bmsc=F5884D48868D2B6961250D11D360A937~000000000000000000000000000000~YAAQHbsUAhMiNmKdAQAA3OrFgh8cWJBjQA6eQnP2nlysC4SdGfFCvaVJqMHV9oAY9C0X/4V4+i/Ge7+flQ2t4xTkQMmV0gqBzaVXJSXH6tq4ttHYHhkWuckZfBYpI7hxiiWr/DGYCPFwNfJAUAEhQzTCCuLSLL7fDSyePIsnOI4B8rnMwfWFjbKKbs7eId7XZyQWOF/kJ0biC3GU8Meogy/wyyX0hrb2CxUAftWhoxIp/oAPdPcCCrSUXMffssFEKv4nDRcIstzY8Qzk+qwfIRKCAi7KuuJc5qlbeJFY6ROCvadQ/vprdFqLHqYPvLbJg3Dgb+taZLCamBcAbrwBEt928Ht6gXMgc+KyYR65cy69broVosHtG/wCE+gbNnzndJrIyyybem9FkH/FcIBfbVJNoBJINViyDoO/Nb7ocamOXNFCwwlqYK3OK4fhJt2uebtPSVx97bqw7cr5e3e3fs8Gbov4cgnRUD5Xr28S80EBYK7E5xzfkOqXGCg='}
2026-04-12 19:43:00,636 [INFO] root: Respuesta: 200
2026-04-12 19:43:00,651 [INFO] root: parse_competition_data - Parsing competition data...
2026-04-12 19:43:00,659 [INFO] root: ✅ Parsed 3 competitions
2026-04-12 19:43:00,669 [INFO] root: ✅ Competitions saved at: schema\all_competitions.csv
2026-04-12 19:43:00,674 [INFO] root: ✅ Directory structure created successfully in local
2026-04-12 19:43:00,674 [INFO] root:    - Directories created: 3
2026-04-12 19:43:00,674 [INFO] root:    - Total competitions processed: 3
