2026-04-12 19:43:21,444 [INFO] root: Initialized ScraperFixture with storage_type=local, data_dir=data, schema_dir=schema, log_dir=logs
2026-04-12 19:43:21,445 [INFO] root: Initialized ScraperFixture with storage_type=local, data_dir=data, schema_dir=schema, log_dir=logs
2026-04-12 19:43:21,446 [INFO] root: Resume point found at index 0: Torneo Federal A - 2026
2026-04-12 19:43:21,446 [INFO] root: Initialized ScraperFixture with storage_type=local, data_dir=data, schema_dir=schema, log_dir=logs
2026-04-12 19:43:21,446 [INFO] root: Starting fixture download: 3 seasons
2026-04-12 19:43:21,446 [INFO] root: Processing 1/3: Torneo Federal A - 2026
2026-04-12 19:43:21,447 [INFO] root: Requesting API URL: https://api.performfeeds.com/soccerdata/match/ft1tiv1inq7v1sk3y9tv12yh5/?_rt=c&tmcl=1q9caek968o8ubc43inhg6uxg&live=yes&_pgSz=400&_lcl=en&_fmt=jsonp&sps=widgets&_clbk=W3e14cbc3e4b2577e854bf210e5a3c7028c7409678
2026-04-12 19:43:22,312 [INFO] root: Fixture saved: data\south_america\argentina\torneo_federal_a\a08z7wsz0uqx90wsj33g65fcd\2026\fixture.json
2026-04-12 19:43:23,878 [INFO] root: Processing 2/3: Prim B Metro - 2026
2026-04-12 19:43:23,879 [INFO] root: Requesting API URL: https://api.performfeeds.com/soccerdata/match/ft1tiv1inq7v1sk3y9tv12yh5/?_rt=c&tmcl=epr9s9zih7yd5dygat10o64us&live=yes&_pgSz=400&_lcl=en&_fmt=jsonp&sps=widgets&_clbk=W3e14cbc3e4b2577e854bf210e5a3c7028c7409678
2026-04-12 19:43:24,471 [INFO] root: Fixture saved: data\south_america\argentina\prim_b_metro\66nxwll8fur0rtp9q7wqaki1l\2026\fixture.json
2026-04-12 19:43:27,056 [INFO] root: Processing 3/3: Torneo Proyección - 2026
2026-04-12 19:43:27,060 [INFO] root: Requesting API URL: https://api.performfeeds.com/soccerdata/match/ft1tiv1inq7v1sk3y9tv12yh5/?_rt=c&tmcl=3trr1fkbng6fnagct7101bpck&live=yes&_pgSz=400&_lcl=en&_fmt=jsonp&sps=widgets&_clbk=W3e14cbc3e4b2577e854bf210e5a3c7028c7409678
2026-04-12 19:43:27,391 [INFO] root: Fixture saved: data\south_america\argentina\torneo_proyeccion\2f3fydvyjz2svhlc1eo3qflwd\2026\fixture.json
2026-04-12 19:43:28,536 [INFO] root: ==================================================
2026-04-12 19:43:28,537 [INFO] root: FINAL SUMMARY
2026-04-12 19:43:28,537 [INFO] root: ==================================================
2026-04-12 19:43:28,538 [INFO] root: Total time: 7.1 seconds
2026-04-12 19:43:28,538 [INFO] root: Seasons processed: 3/3
2026-04-12 19:43:28,538 [INFO] root: Success: 0
2026-04-12 19:43:28,538 [INFO] root: Skipped (already existed): 3
2026-04-12 19:43:28,538 [INFO] root: Errors: 0
2026-04-12 19:43:28,538 [INFO] root: Average speed: 25.39 seasons/minute
2026-04-12 19:43:28,544 [INFO] root: Initialized ScraperFixture with storage_type=local, data_dir=data, schema_dir=schema, log_dir=logs
2026-04-12 19:43:28,605 [INFO] root: Initialized ScraperFixture with storage_type=local, data_dir=data, schema_dir=schema, log_dir=logs
2026-04-12 19:43:28,607 [INFO] root: Fixtures saved to: schema\all_fixtures.csv
2026-04-12 19:43:28,608 [INFO] root: Initialized ScraperFixture with storage_type=local, data_dir=data, schema_dir=schema, log_dir=logs
