2026-04-12 19:43:28,809 [INFO] root: Initialized ScrapeMatchStats with storage_type=local, data_dir=data, schema_dir=schema, log_dir=logs
2026-04-12 19:43:28,810 [INFO] root: Delay set to 1.0 seconds
2026-04-12 19:43:28,810 [INFO] root: Starting match stats download: 248 matches
2026-04-12 19:43:28,810 [INFO] root: Processing 1/248: Sarmiento de La Banda vs Juventud Antoniana
2026-04-12 19:43:28,811 [INFO] root: Downloading stats: Sarmiento de La Banda vs Juventud Antoniana
2026-04-12 19:43:29,717 [INFO] root: Saved: b2lqx30f3wps420hi72nzsb2s_20260412_00_00_00_sarmiento_de_la_banda_juventud_antoniana.json
2026-04-12 19:43:30,719 [INFO] root: Processing 2/248: 9 de Julio Rafaela vs Atlético Escobar
2026-04-12 19:43:30,720 [INFO] root: Downloading stats: 9 de Julio Rafaela vs Atlético Escobar
2026-04-12 19:43:30,961 [INFO] root: Saved: 59l6cvawf5hq3r17swwpsbg2c_20260412_00_00_00_9_de_julio_rafaela_atletico_escobar.json
2026-04-12 19:43:31,965 [INFO] root: Processing 3/248: Atenas vs Huracán Las Heras
2026-04-12 19:43:31,969 [INFO] root: Downloading stats: Atenas vs Huracán Las Heras
2026-04-12 19:43:32,254 [INFO] root: Saved: xceu106ov2ewxzw0mv2190yc_20260412_00_00_00_atenas_huracan_las_heras.json
2026-04-12 19:43:33,256 [INFO] root: Processing 4/248: San Martín Formosa vs Boca Unidos
2026-04-12 19:43:33,257 [INFO] root: Downloading stats: San Martín Formosa vs Boca Unidos
2026-04-12 19:43:33,663 [INFO] root: Saved: b1343wlb1d453ctdxnqcsmm8k_20260412_00_00_00_san_martin_formosa_boca_unidos.json
2026-04-12 19:43:34,666 [INFO] root: Processing 5/248: Douglas Haig vs El Linqueño
2026-04-12 19:43:34,667 [INFO] root: Downloading stats: Douglas Haig vs El Linqueño
2026-04-12 19:43:34,825 [INFO] root: Saved: 57kkr3n1h2czixjim8qn72tqs_20260412_00_00_00_douglas_haig_el_linqueno.json
2026-04-12 19:43:35,827 [INFO] root: Processing 6/248: Argentino Monte Maíz vs FADEP
2026-04-12 19:43:35,830 [INFO] root: Downloading stats: Argentino Monte Maíz vs FADEP
2026-04-12 19:43:35,946 [INFO] root: Saved: yrh1d392138z1wcifie0usyc_20260412_00_00_00_argentino_monte_maiz_fadep.json
2026-04-12 19:43:36,947 [INFO] root: Processing 7/248: Gimnasia Chivilcoy vs Sportivo Las Parejas
2026-04-12 19:43:36,948 [INFO] root: Downloading stats: Gimnasia Chivilcoy vs Sportivo Las Parejas
2026-04-12 19:43:37,187 [INFO] root: Saved: 5926ujesbcaazk2rrlxi9y39w_20260412_00_00_00_gimnasia_chivilcoy_sportivo_las_parejas.json
2026-04-12 19:43:38,189 [INFO] root: Processing 8/248: Defensores Belgrano VR vs Sportivo Belgrano
2026-04-12 19:43:38,193 [INFO] root: Downloading stats: Defensores Belgrano VR vs Sportivo Belgrano
2026-04-12 19:43:38,486 [INFO] root: Saved: 582eihyulwvuvzwd2biwb22vo_20260412_00_00_00_defensores_belgrano_vr_sportivo_belgrano.json
2026-04-12 19:43:39,489 [INFO] root: Processing 9/248: Juventud Unida Univ. vs Deportivo Rincón
2026-04-12 19:43:39,489 [INFO] root: Downloading stats: Juventud Unida Univ. vs Deportivo Rincón
2026-04-12 19:43:40,187 [INFO] root: Saved: ya8y283mpt390iftly98nbis_20260412_00_00_00_juventud_unida_univ_deportivo_rincon.json
2026-04-12 19:43:41,188 [INFO] root: Processing 10/248: Cipolletti vs Costa Brava
2026-04-12 19:43:41,190 [INFO] root: Downloading stats: Cipolletti vs Costa Brava
2026-04-12 19:43:41,392 [INFO] root: Saved: xt6zpze3ptbfa4pwmscso74k_20260412_00_00_00_cipolletti_costa_brava.json
2026-04-12 19:43:42,394 [INFO] root: Processing 11/248: Olimpo vs Sol de Mayo
2026-04-12 19:43:42,399 [INFO] root: Downloading stats: Olimpo vs Sol de Mayo
2026-04-12 19:43:42,916 [INFO] root: Saved: 5safxj2wxfxklp9pgx4n5vggk_20260412_00_00_00_olimpo_sol_de_mayo.json
2026-04-12 19:43:43,918 [INFO] root: Processing 12/248: Germinal de Rawson vs Villa Mitre
2026-04-12 19:43:43,920 [INFO] root: Downloading stats: Germinal de Rawson vs Villa Mitre
2026-04-12 19:43:44,070 [INFO] root: Saved: 5tq8okc42fjxlgmi1hpydwb9w_20260412_00_00_00_germinal_de_rawson_villa_mitre.json
2026-04-12 19:43:45,072 [INFO] root: Processing 13/248: Gimnasia Concepción vs Independiente Chivilcoy
2026-04-12 19:43:45,076 [INFO] root: Downloading stats: Gimnasia Concepción vs Independiente Chivilcoy
2026-04-12 19:43:45,466 [INFO] root: Saved: 58jk2k840l8hvkp6l009nalg4_20260411_00_00_00_gimnasia_concepcion_independiente_chivilcoy.json
2026-04-12 19:43:46,467 [INFO] root: Processing 14/248: Deportivo Santamarina vs Circulo Deportivo
2026-04-12 19:43:46,469 [INFO] root: Downloading stats: Deportivo Santamarina vs Circulo Deportivo
2026-04-12 19:43:46,895 [INFO] root: Saved: 5t923ln3fcs7bo8jd8cy5xul0_20260411_00_00_00_deportivo_santamarina_circulo_deportivo.json
2026-04-12 19:43:47,897 [INFO] root: Processing 15/248: Bartolomé Mitre vs Sol de América
2026-04-12 19:43:47,902 [INFO] root: Downloading stats: Bartolomé Mitre vs Sol de América
2026-04-12 19:43:48,083 [INFO] root: Saved: b244shjyevc6mya28df4bpfkk_20260411_00_00_00_bartolome_mitre_sol_de_america.json
2026-04-12 19:43:49,085 [INFO] root: Processing 16/248: Alvarado vs Kimberley Mar del Plata
2026-04-12 19:43:49,087 [INFO] root: Downloading stats: Alvarado vs Kimberley Mar del Plata
2026-04-12 19:43:49,576 [INFO] root: Saved: 5srspziad9hcp5ck4mnizd1xw_20260411_00_00_00_alvarado_kimberley_mar_del_plata.json
2026-04-12 19:43:50,577 [INFO] root: Processing 17/248: Sportivo Belgrano vs Gimnasia Concepción
2026-04-12 19:43:50,580 [INFO] root: Downloading stats: Sportivo Belgrano vs Gimnasia Concepción
2026-04-12 19:43:51,253 [INFO] root: Saved: 56m6hos7bfhe45mpg0sa3ni1g_20260405_00_00_00_sportivo_belgrano_gimnasia_concepcion.json
2026-04-12 19:43:52,254 [INFO] root: Processing 18/248: Sarmiento Resistencia vs Bartolomé Mitre
2026-04-12 19:43:52,255 [INFO] root: Downloading stats: Sarmiento Resistencia vs Bartolomé Mitre
2026-04-12 19:43:52,540 [INFO] root: Saved: aziqwmv2ohml2gvl588nfcsgk_20260405_00_00_00_sarmiento_resistencia_bartolome_mitre.json
2026-04-12 19:43:53,544 [INFO] root: Processing 19/248: Douglas Haig vs Defensores Belgrano VR
2026-04-12 19:43:53,545 [INFO] root: Downloading stats: Douglas Haig vs Defensores Belgrano VR
2026-04-12 19:43:53,931 [INFO] root: Saved: 573ct3iyx26icn4yu1bg3nggk_20260405_00_00_00_douglas_haig_defensores_belgrano_vr.json
2026-04-12 19:43:54,933 [INFO] root: Processing 20/248: San Martín Mendoza vs Atenas
2026-04-12 19:43:54,934 [INFO] root: Downloading stats: San Martín Mendoza vs Atenas
2026-04-12 19:43:55,227 [INFO] root: Saved: wti6qbqqgt256pxpeddrfnys_20260405_00_00_00_san_martin_mendoza_atenas.json
2026-04-12 19:43:56,228 [INFO] root: Progress: 20/248 (8.1%) | Speed: 43.77 matches/min | Success: 20 | Skipped: 0 | Failures: 0
2026-04-12 19:43:56,229 [INFO] root: Estimated time remaining: 5.2 minutes
2026-04-12 19:43:56,229 [INFO] root: Processing 21/248: Sol de América vs Sarmiento de La Banda
2026-04-12 19:43:56,229 [INFO] root: Downloading stats: Sol de América vs Sarmiento de La Banda
2026-04-12 19:43:56,558 [INFO] root: Saved: az0earpt5pw2sf6w91az187pw_20260405_00_00_00_sol_de_america_sarmiento_de_la_banda.json
2026-04-12 19:43:57,559 [INFO] root: Processing 22/248: Huracán Las Heras vs Cipolletti
2026-04-12 19:43:57,562 [INFO] root: Downloading stats: Huracán Las Heras vs Cipolletti
2026-04-12 19:43:57,984 [INFO] root: Saved: wcg9vupxorwp8hcmvlfp7k0k_20260405_00_00_00_huracan_las_heras_cipolletti.json
2026-04-12 19:43:58,984 [INFO] root: Processing 23/248: Deportivo Rincón vs Argentino Monte Maíz
2026-04-12 19:43:58,985 [INFO] root: Downloading stats: Deportivo Rincón vs Argentino Monte Maíz
2026-04-12 19:43:59,276 [INFO] root: Saved: vf2zh548o3ij5n385fn9cwt0_20260405_00_00_00_deportivo_rincon_argentino_monte_maiz.json
2026-04-12 19:44:00,277 [INFO] root: Processing 24/248: Tucumán Central vs San Martín Formosa
2026-04-12 19:44:00,278 [INFO] root: Downloading stats: Tucumán Central vs San Martín Formosa
2026-04-12 19:44:00,628 [INFO] root: Saved: b0je82pp352m8fi7d4ty6wvmc_20260405_00_00_00_tucuman_central_san_martin_formosa.json
2026-04-12 19:44:01,631 [INFO] root: Processing 25/248: Independiente Chivilcoy vs Gimnasia Chivilcoy
2026-04-12 19:44:01,632 [INFO] root: Downloading stats: Independiente Chivilcoy vs Gimnasia Chivilcoy
2026-04-12 19:44:01,980 [INFO] root: Saved: 564rc9x45u7fpxmnff46w14pg_20260405_00_00_00_independiente_chivilcoy_gimnasia_chivilcoy.json
2026-04-12 19:44:02,981 [INFO] root: Processing 26/248: Sportivo Las Parejas vs 9 de Julio Rafaela
2026-04-12 19:44:02,982 [INFO] root: Downloading stats: Sportivo Las Parejas vs 9 de Julio Rafaela
2026-04-12 19:44:03,115 [INFO] root: Saved: 55lfruffi6evrlsfst6rd7z10_20260405_00_00_00_sportivo_las_parejas_9_de_julio_rafaela.json
2026-04-12 19:44:04,117 [INFO] root: Processing 27/248: El Linqueño vs Atlético Escobar
2026-04-12 19:44:04,121 [INFO] root: Downloading stats: El Linqueño vs Atlético Escobar
2026-04-12 19:44:04,255 [INFO] root: Saved: 551wwhg1dzbt9fg1nqdttszys_20260405_00_00_00_el_linqueno_atletico_escobar.json
2026-04-12 19:44:05,257 [INFO] root: Processing 28/248: Guillermo Brown vs Olimpo
2026-04-12 19:44:05,260 [INFO] root: Downloading stats: Guillermo Brown vs Olimpo
2026-04-12 19:44:05,735 [INFO] root: Saved: 5rmozho0977l0tiw0m2vd4dg4_20260405_00_00_00_guillermo_brown_olimpo.json
2026-04-12 19:44:06,736 [INFO] root: Processing 29/248: Kimberley Mar del Plata vs Deportivo Santamarina
2026-04-12 19:44:06,736 [INFO] root: Downloading stats: Kimberley Mar del Plata vs Deportivo Santamarina
2026-04-12 19:44:07,132 [INFO] root: Saved: 5ql3ajcxjtn7yjpesphdip0r8_20260405_00_00_00_kimberley_mar_del_plata_deportivo_santamarina.json
2026-04-12 19:44:08,135 [INFO] root: Processing 30/248: Costa Brava vs Juventud Unida Univ.
2026-04-12 19:44:08,138 [INFO] root: Downloading stats: Costa Brava vs Juventud Unida Univ.
2026-04-12 19:44:08,636 [INFO] root: Saved: vvk6hn26kymdo33kcxbl92j8_20260404_00_00_00_costa_brava_juventud_unida_univ.json
2026-04-12 19:44:09,637 [INFO] root: Processing 31/248: Boca Unidos vs Defensores Vilelas
2026-04-12 19:44:09,638 [INFO] root: Downloading stats: Boca Unidos vs Defensores Vilelas
2026-04-12 19:44:09,996 [INFO] root: Saved: b01866nlle2xen9vt70hl8bo4_20260404_00_00_00_boca_unidos_defensores_vilelas.json
2026-04-12 19:44:10,997 [INFO] root: Processing 32/248: Circulo Deportivo vs Germinal de Rawson
2026-04-12 19:44:10,998 [INFO] root: Downloading stats: Circulo Deportivo vs Germinal de Rawson
2026-04-12 19:44:11,704 [INFO] root: Saved: 5q3twa6jlx7tgegy1wr4682s4_20260404_00_00_00_circulo_deportivo_germinal_de_rawson.json
2026-04-12 19:44:12,705 [INFO] root: Processing 33/248: Sol de Mayo vs Alvarado
2026-04-12 19:44:12,706 [INFO] root: Downloading stats: Sol de Mayo vs Alvarado
2026-04-12 19:44:13,027 [INFO] root: Saved: 5r3itbcu6phhlibwspipooaac_20260403_00_00_00_sol_de_mayo_alvarado.json
2026-04-12 19:44:14,031 [INFO] root: Processing 34/248: Atlético Escobar vs Sportivo Las Parejas
2026-04-12 19:44:14,036 [INFO] root: Downloading stats: Atlético Escobar vs Sportivo Las Parejas
2026-04-12 19:44:14,634 [INFO] root: Saved: 54igdp12r2rufbwoc9hxiz47o_20260330_00_00_00_atletico_escobar_sportivo_las_parejas.json
2026-04-12 19:44:15,636 [INFO] root: Processing 35/248: Sarmiento de La Banda vs Sarmiento Resistencia
2026-04-12 19:44:15,640 [INFO] root: Downloading stats: Sarmiento de La Banda vs Sarmiento Resistencia
2026-04-12 19:44:16,031 [INFO] root: Saved: axzyremvyca5zo09gnpya4rh0_20260329_00_00_00_sarmiento_de_la_banda_sarmiento_resistencia.json
2026-04-12 19:44:17,033 [INFO] root: Processing 36/248: Bartolomé Mitre vs Boca Unidos
2026-04-12 19:44:17,036 [INFO] root: Downloading stats: Bartolomé Mitre vs Boca Unidos
2026-04-12 19:44:17,559 [INFO] root: Saved: axik8to5n9ukl91jt0jqwp0d0_20260329_00_00_00_bartolome_mitre_boca_unidos.json
2026-04-12 19:44:18,562 [INFO] root: Processing 37/248: Gimnasia Concepción vs Douglas Haig
2026-04-12 19:44:18,565 [INFO] root: Downloading stats: Gimnasia Concepción vs Douglas Haig
2026-04-12 19:44:18,851 [INFO] root: Saved: 531d8bdnh7hpf43bv3v6zbk7o_20260329_00_00_00_gimnasia_concepcion_douglas_haig.json
2026-04-12 19:44:19,853 [INFO] root: Processing 38/248: Argentino Monte Maíz vs Costa Brava
2026-04-12 19:44:19,857 [INFO] root: Downloading stats: Argentino Monte Maíz vs Costa Brava
2026-04-12 19:44:20,207 [INFO] root: Saved: ugda4wfx0jgujx0tvt2zmcyc_20260329_00_00_00_argentino_monte_maiz_costa_brava.json
2026-04-12 19:44:21,209 [INFO] root: Processing 39/248: Villa Mitre vs Circulo Deportivo
2026-04-12 19:44:21,210 [INFO] root: Downloading stats: Villa Mitre vs Circulo Deportivo
2026-04-12 19:44:21,482 [INFO] root: Saved: 5pjw36eqjghjh5x1wftam6z9w_20260329_00_00_00_villa_mitre_circulo_deportivo.json
2026-04-12 19:44:22,484 [INFO] root: Processing 40/248: Defensores Belgrano VR vs El Linqueño
2026-04-12 19:44:22,488 [INFO] root: Downloading stats: Defensores Belgrano VR vs El Linqueño
2026-04-12 19:44:22,972 [INFO] root: Saved: 52jyxh2p1gltqeoxw5mgd589g_20260329_00_00_00_defensores_belgrano_vr_el_linqueno.json
2026-04-12 19:44:23,973 [INFO] root: Progress: 40/248 (16.1%) | Speed: 43.51 matches/min | Success: 40 | Skipped: 0 | Failures: 0
2026-04-12 19:44:23,974 [INFO] root: Estimated time remaining: 4.8 minutes
2026-04-12 19:44:23,974 [INFO] root: Processing 41/248: Cipolletti vs San Martín Mendoza
2026-04-12 19:44:23,976 [INFO] root: Downloading stats: Cipolletti vs San Martín Mendoza
2026-04-12 19:44:24,344 [INFO] root: Saved: tir1qh075g7bcztpiqtdfaxg_20260329_00_00_00_cipolletti_san_martin_mendoza.json
2026-04-12 19:44:25,345 [INFO] root: Processing 42/248: Alvarado vs Guillermo Brown
2026-04-12 19:44:25,347 [INFO] root: Downloading stats: Alvarado vs Guillermo Brown
2026-04-12 19:44:25,591 [INFO] root: Saved: 5o0vo1t6tq0l8f2re2qnmfk7o_20260329_00_00_00_alvarado_guillermo_brown.json
2026-04-12 19:44:26,593 [INFO] root: Processing 43/248: Gimnasia Chivilcoy vs Sportivo Belgrano
2026-04-12 19:44:26,594 [INFO] root: Downloading stats: Gimnasia Chivilcoy vs Sportivo Belgrano
2026-04-12 19:44:26,809 [INFO] root: Saved: 53j69nispoiwt4z5m2po1dmvo_20260329_00_00_00_gimnasia_chivilcoy_sportivo_belgrano.json
2026-04-12 19:44:27,811 [INFO] root: Processing 44/248: Germinal de Rawson vs Kimberley Mar del Plata
2026-04-12 19:44:27,815 [INFO] root: Downloading stats: Germinal de Rawson vs Kimberley Mar del Plata
2026-04-12 19:44:28,544 [INFO] root: Saved: 5ozizss92rbm992l339im75lg_20260329_00_00_00_germinal_de_rawson_kimberley_mar_del_plata.json
2026-04-12 19:44:29,546 [INFO] root: Processing 45/248: 9 de Julio Rafaela vs Independiente Chivilcoy
2026-04-12 19:44:29,550 [INFO] root: Downloading stats: 9 de Julio Rafaela vs Independiente Chivilcoy
2026-04-12 19:44:29,955 [INFO] root: Saved: 540j999tcpbivolfqynwoo7x0_20260329_00_00_00_9_de_julio_rafaela_independiente_chivilcoy.json
2026-04-12 19:44:30,957 [INFO] root: Processing 46/248: Deportivo Santamarina vs Sol de Mayo
2026-04-12 19:44:30,959 [INFO] root: Downloading stats: Deportivo Santamarina vs Sol de Mayo
2026-04-12 19:44:31,718 [INFO] root: Saved: 5oih6y4f9tq7jayl9gbgsr09g_20260328_00_00_00_deportivo_santamarina_sol_de_mayo.json
2026-04-12 19:44:32,719 [INFO] root: Processing 47/248: Juventud Unida Univ. vs Huracán Las Heras
2026-04-12 19:44:32,720 [INFO] root: Downloading stats: Juventud Unida Univ. vs Huracán Las Heras
2026-04-12 19:44:32,950 [INFO] root: Saved: tzjehcydtslis0whc20hs178_20260328_00_00_00_juventud_unida_univ_huracan_las_heras.json
2026-04-12 19:44:33,951 [INFO] root: Processing 48/248: Defensores Vilelas vs Tucumán Central
2026-04-12 19:44:33,951 [INFO] root: Downloading stats: Defensores Vilelas vs Tucumán Central
2026-04-12 19:44:34,208 [INFO] root: Saved: ax0mogl9062nt82zooz7lry1g_20260328_00_00_00_defensores_vilelas_tucuman_central.json
2026-04-12 19:44:35,211 [INFO] root: Processing 49/248: FADEP vs Deportivo Rincón
2026-04-12 19:44:35,215 [INFO] root: Downloading stats: FADEP vs Deportivo Rincón
2026-04-12 19:44:35,508 [INFO] root: Saved: uyfsknx984roan6uz7pnxuz8_20260328_00_00_00_fadep_deportivo_rincon.json
2026-04-12 19:44:36,509 [INFO] root: Processing 50/248: Juventud Antoniana vs Sol de América
2026-04-12 19:44:36,510 [INFO] root: Downloading stats: Juventud Antoniana vs Sol de América
2026-04-12 19:44:36,894 [INFO] root: Saved: ayiyo7kq9e2iku91bdi3tr0us_20260328_00_00_00_juventud_antoniana_sol_de_america.json
2026-04-12 19:44:37,897 [INFO] root: Processing 51/248: Douglas Haig vs Gimnasia Chivilcoy
2026-04-12 19:44:37,901 [INFO] root: Downloading stats: Douglas Haig vs Gimnasia Chivilcoy
2026-04-12 19:44:38,345 [INFO] root: Saved: 511yls042217l10nphxe8ahas_20260322_00_00_00_douglas_haig_gimnasia_chivilcoy.json
2026-04-12 19:44:39,346 [INFO] root: Processing 52/248: Boca Unidos vs Sarmiento de La Banda
2026-04-12 19:44:39,347 [INFO] root: Downloading stats: Boca Unidos vs Sarmiento de La Banda
2026-04-12 19:44:39,707 [INFO] root: Saved: av1b3nylyi6m0c90qj5292hhw_20260322_00_00_00_boca_unidos_sarmiento_de_la_banda.json
2026-04-12 19:44:40,708 [INFO] root: Processing 53/248: Huracán Las Heras vs Argentino Monte Maíz
2026-04-12 19:44:40,710 [INFO] root: Downloading stats: Huracán Las Heras vs Argentino Monte Maíz
2026-04-12 19:44:40,840 [INFO] root: Saved: rx3kc9mprnjnt94f4ijjddsk_20260322_00_00_00_huracan_las_heras_argentino_monte_maiz.json
2026-04-12 19:44:41,842 [INFO] root: Processing 54/248: San Martín Formosa vs Defensores Vilelas
2026-04-12 19:44:41,845 [INFO] root: Downloading stats: San Martín Formosa vs Defensores Vilelas
2026-04-12 19:44:42,463 [INFO] root: Saved: awc2m0hcx39u8ybescs3v3nro_20260322_00_00_00_san_martin_formosa_defensores_vilelas.json
2026-04-12 19:44:43,466 [INFO] root: Processing 55/248: Tucumán Central vs Bartolomé Mitre
2026-04-12 19:44:43,467 [INFO] root: Downloading stats: Tucumán Central vs Bartolomé Mitre
2026-04-12 19:44:44,031 [INFO] root: Saved: avmzyftqixmh6gniw2x509udw_20260322_00_00_00_tucuman_central_bartolome_mitre.json
2026-04-12 19:44:45,033 [INFO] root: Processing 56/248: Olimpo vs Alvarado
2026-04-12 19:44:45,034 [INFO] root: Downloading stats: Olimpo vs Alvarado
2026-04-12 19:44:45,481 [INFO] root: Saved: 5nin3w4xoyzmiuuz8yiddq6tw_20260322_00_00_00_olimpo_alvarado.json
2026-04-12 19:44:46,482 [INFO] root: Processing 57/248: Guillermo Brown vs Deportivo Santamarina
2026-04-12 19:44:46,483 [INFO] root: Downloading stats: Guillermo Brown vs Deportivo Santamarina
2026-04-12 19:44:47,007 [INFO] root: Saved: 5muxqck5iua2q4rit7bvt3578_20260322_00_00_00_guillermo_brown_deportivo_santamarina.json
2026-04-12 19:44:48,009 [INFO] root: Processing 58/248: Kimberley Mar del Plata vs Villa Mitre
2026-04-12 19:44:48,012 [INFO] root: Downloading stats: Kimberley Mar del Plata vs Villa Mitre
2026-04-12 19:44:48,533 [INFO] root: Saved: 5l4dptwk7vtte1pc5klmo36z8_20260322_00_00_00_kimberley_mar_del_plata_villa_mitre.json
2026-04-12 19:44:49,535 [INFO] root: Processing 59/248: Defensores Belgrano VR vs Gimnasia Concepción
2026-04-12 19:44:49,537 [INFO] root: Downloading stats: Defensores Belgrano VR vs Gimnasia Concepción
2026-04-12 19:44:50,053 [INFO] root: Saved: 51x87fhcno3yn03tkm0whbcpg_20260322_00_00_00_defensores_belgrano_vr_gimnasia_concepcion.json
2026-04-12 19:44:51,055 [INFO] root: Processing 60/248: El Linqueño vs Sportivo Las Parejas
2026-04-12 19:44:51,058 [INFO] root: Downloading stats: El Linqueño vs Sportivo Las Parejas
2026-04-12 19:44:51,621 [INFO] root: Saved: 4zvqrx68u027gomr58s3e385w_20260322_00_00_00_el_linqueno_sportivo_las_parejas.json
2026-04-12 19:44:52,622 [INFO] root: Progress: 60/248 (24.2%) | Speed: 42.95 matches/min | Success: 60 | Skipped: 0 | Failures: 0
2026-04-12 19:44:52,622 [INFO] root: Estimated time remaining: 4.4 minutes
2026-04-12 19:44:52,623 [INFO] root: Processing 61/248: Independiente Chivilcoy vs Atlético Escobar
2026-04-12 19:44:52,625 [INFO] root: Downloading stats: Independiente Chivilcoy vs Atlético Escobar
2026-04-12 19:44:53,111 [INFO] root: Saved: 4z8jd8xx7nuld3st2h2o6pmvo_20260322_00_00_00_independiente_chivilcoy_atletico_escobar.json
2026-04-12 19:44:54,113 [INFO] root: Processing 62/248: Sol de Mayo vs Germinal de Rawson
2026-04-12 19:44:54,117 [INFO] root: Downloading stats: Sol de Mayo vs Germinal de Rawson
2026-04-12 19:44:54,612 [INFO] root: Saved: 5m0uiigphd5m2q6ccsiab4o44_20260322_00_00_00_sol_de_mayo_germinal_de_rawson.json
2026-04-12 19:44:55,613 [INFO] root: Processing 63/248: Costa Brava vs FADEP
2026-04-12 19:44:55,615 [INFO] root: Downloading stats: Costa Brava vs FADEP
2026-04-12 19:44:56,003 [INFO] root: Saved: ra9vuzjuu2r8kvtc53o3nzf8_20260321_00_00_00_costa_brava_fadep.json
2026-04-12 19:44:57,004 [INFO] root: Processing 64/248: San Martín Mendoza vs Juventud Unida Univ.
2026-04-12 19:44:57,005 [INFO] root: Downloading stats: San Martín Mendoza vs Juventud Unida Univ.
2026-04-12 19:44:57,297 [INFO] root: Saved: si3o2tkt0h2n8bav9ty5gjys_20260321_00_00_00_san_martin_mendoza_juventud_unida_univ.json
2026-04-12 19:44:58,299 [INFO] root: Processing 65/248: Atenas vs Cipolletti
2026-04-12 19:44:58,305 [INFO] root: Downloading stats: Atenas vs Cipolletti
2026-04-12 19:44:58,834 [INFO] root: Saved: t1tt8ywu2vowx20vz7wx632s_20260321_00_00_00_atenas_cipolletti.json
2026-04-12 19:44:59,837 [INFO] root: Processing 66/248: Sarmiento Resistencia vs Juventud Antoniana
2026-04-12 19:44:59,841 [INFO] root: Downloading stats: Sarmiento Resistencia vs Juventud Antoniana
2026-04-12 19:45:00,157 [INFO] root: Saved: audvis2oyfxck9hcnfbux3bis_20260321_00_00_00_sarmiento_resistencia_juventud_antoniana.json
2026-04-12 19:45:01,159 [INFO] root: Processing 67/248: Sportivo Belgrano vs 9 de Julio Rafaela
2026-04-12 19:45:01,164 [INFO] root: Downloading stats: Sportivo Belgrano vs 9 de Julio Rafaela
2026-04-12 19:45:01,565 [INFO] root: Saved: 50hhcw4wl7me5aei8qzl1wb9w_20260321_00_00_00_sportivo_belgrano_9_de_julio_rafaela.json
2026-04-12 19:45:02,567 [INFO] root: Processing 68/248: Deportivo Camioneros vs Dock Sud
2026-04-12 19:45:02,569 [INFO] root: Downloading stats: Deportivo Camioneros vs Dock Sud
2026-04-12 19:45:02,798 [INFO] root: Saved: et7r0qqhamyblbwrtdqk88i6s_20260412_00_00_00_deportivo_camioneros_dock_sud.json
2026-04-12 19:45:03,800 [INFO] root: Processing 69/248: Deportivo Merlo vs Ituzaingó
2026-04-12 19:45:03,803 [INFO] root: Downloading stats: Deportivo Merlo vs Ituzaingó
2026-04-12 19:45:04,119 [INFO] root: Saved: esp3c3o6cqn84t81dbfkevk7o_20260411_00_00_00_deportivo_merlo_ituzaingo.json
2026-04-12 19:45:05,120 [INFO] root: Processing 70/248: Villa Dálmine vs Deportivo Laferrere
2026-04-12 19:45:05,121 [INFO] root: Downloading stats: Villa Dálmine vs Deportivo Laferrere
2026-04-12 19:45:05,280 [INFO] root: Saved: ewr73t21ogpbxt5nq8tdgn9xw_20260411_00_00_00_villa_dalmine_deportivo_laferrere.json
2026-04-12 19:45:06,281 [INFO] root: Processing 71/248: Real Pilar vs Deportivo Armenio
2026-04-12 19:45:06,281 [INFO] root: Downloading stats: Real Pilar vs Deportivo Armenio
2026-04-12 19:45:06,536 [INFO] root: Saved: evsrl2s0dj44jqi78jn0w0nbo_20260411_00_00_00_real_pilar_deportivo_armenio.json
2026-04-12 19:45:07,537 [INFO] root: Processing 72/248: Villa San Carlos vs Argentino Quilmes
2026-04-12 19:45:07,539 [INFO] root: Downloading stats: Villa San Carlos vs Argentino Quilmes
2026-04-12 19:45:07,877 [INFO] root: Saved: eutpaurqdzzpetunlezbixbf8_20260411_00_00_00_villa_san_carlos_argentino_quilmes.json
2026-04-12 19:45:08,880 [INFO] root: Processing 73/248: San Martín Burzaco vs Defensores Unidos
2026-04-12 19:45:08,883 [INFO] root: Downloading stats: San Martín Burzaco vs Defensores Unidos
2026-04-12 19:45:09,120 [INFO] root: Saved: eucdw55hjhm0se2tc197tedqs_20260411_00_00_00_san_martin_burzaco_defensores_unidos.json
2026-04-12 19:45:10,122 [INFO] root: Processing 74/248: Sportivo Italiano vs Comunicaciones
2026-04-12 19:45:10,124 [INFO] root: Downloading stats: Sportivo Italiano vs Comunicaciones
2026-04-12 19:45:10,511 [INFO] root: Saved: ettrk8et4jctbtbbkhmoco74k_20260411_00_00_00_sportivo_italiano_comunicaciones.json
2026-04-12 19:45:11,515 [INFO] root: Processing 75/248: Excursionistas vs Talleres Remedios
2026-04-12 19:45:11,519 [INFO] root: Downloading stats: Excursionistas vs Talleres Remedios
2026-04-12 19:45:11,630 [INFO] root: Saved: exet1jcj389pexgm5xiglfdas_20260410_00_00_00_excursionistas_talleres_remedios.json
2026-04-12 19:45:12,632 [INFO] root: Processing 76/248: Arsenal vs Argentino Merlo
2026-04-12 19:45:12,633 [INFO] root: Downloading stats: Arsenal vs Argentino Merlo
2026-04-12 19:45:13,029 [INFO] root: Saved: exwj6pb71qkr4axr2hdwsgaok_20260410_00_00_00_arsenal_argentino_merlo.json
2026-04-12 19:45:14,030 [INFO] root: Processing 77/248: UAI Urquiza vs Brown de Adrogué
2026-04-12 19:45:14,031 [INFO] root: Downloading stats: UAI Urquiza vs Brown de Adrogué
2026-04-12 19:45:14,239 [INFO] root: Saved: ewa3llt4077yowxm52qooeas4_20260410_00_00_00_uai_urquiza_brown_de_adrogue.json
2026-04-12 19:45:15,239 [INFO] root: Processing 78/248: Liniers vs Flandria
2026-04-12 19:45:15,240 [INFO] root: Downloading stats: Liniers vs Flandria
2026-04-12 19:45:15,826 [INFO] root: Saved: evb19xya13katuzz40a3g1mvo_20260410_00_00_00_liniers_flandria.json
2026-04-12 19:45:16,827 [INFO] root: Processing 79/248: Deportivo Merlo vs Deportivo Camioneros
2026-04-12 19:45:16,828 [INFO] root: Downloading stats: Deportivo Merlo vs Deportivo Camioneros
2026-04-12 19:45:17,424 [INFO] root: Saved: es7hsfeowpxr1wke9jc2nesd0_20260405_00_00_00_deportivo_merlo_deportivo_camioneros.json
2026-04-12 19:45:18,426 [INFO] root: Processing 80/248: Dock Sud vs Sportivo Italiano
2026-04-12 19:45:18,427 [INFO] root: Downloading stats: Dock Sud vs Sportivo Italiano
2026-04-12 19:45:18,779 [INFO] root: Saved: erpdc82nsa5z04kob0gget3pw_20260405_00_00_00_dock_sud_sportivo_italiano.json
2026-04-12 19:45:19,779 [INFO] root: Progress: 80/248 (32.3%) | Speed: 43.26 matches/min | Success: 80 | Skipped: 0 | Failures: 0
2026-04-12 19:45:19,780 [INFO] root: Estimated time remaining: 3.9 minutes
2026-04-12 19:45:19,781 [INFO] root: Processing 81/248: Comunicaciones vs San Martín Burzaco
2026-04-12 19:45:19,781 [INFO] root: Downloading stats: Comunicaciones vs San Martín Burzaco
2026-04-12 19:45:20,186 [INFO] root: Saved: er86cnulvs5fe7jyesxcaghec_20260405_00_00_00_comunicaciones_san_martin_burzaco.json
2026-04-12 19:45:21,188 [INFO] root: Processing 82/248: Argentino Quilmes vs Liniers
2026-04-12 19:45:21,189 [INFO] root: Downloading stats: Argentino Quilmes vs Liniers
2026-04-12 19:45:21,740 [INFO] root: Saved: eq8yxeg8bqnr9wcaem0rdumfo_20260404_00_00_00_argentino_quilmes_liniers.json
2026-04-12 19:45:22,742 [INFO] root: Processing 83/248: Deportivo Armenio vs UAI Urquiza
2026-04-12 19:45:22,745 [INFO] root: Downloading stats: Deportivo Armenio vs UAI Urquiza
2026-04-12 19:45:23,004 [INFO] root: Saved: ep8kbc2u4ctz6o9u81rzpasyc_20260404_00_00_00_deportivo_armenio_uai_urquiza.json
2026-04-12 19:45:24,006 [INFO] root: Processing 84/248: Deportivo Laferrere vs Excursionistas
2026-04-12 19:45:24,011 [INFO] root: Downloading stats: Deportivo Laferrere vs Excursionistas
2026-04-12 19:45:24,369 [INFO] root: Saved: eo3k30vdg4wwsec8y5p68qt5g_20260404_00_00_00_deportivo_laferrere_excursionistas.json
2026-04-12 19:45:25,370 [INFO] root: Processing 85/248: Flandria vs Real Pilar
2026-04-12 19:45:25,371 [INFO] root: Downloading stats: Flandria vs Real Pilar
2026-04-12 19:45:26,097 [INFO] root: Saved: epr0vy857idburuezkyuvmdqs_20260404_00_00_00_flandria_real_pilar.json
2026-04-12 19:45:27,099 [INFO] root: Processing 86/248: Defensores Unidos vs Villa San Carlos
2026-04-12 19:45:27,101 [INFO] root: Downloading stats: Defensores Unidos vs Villa San Carlos
2026-04-12 19:45:27,467 [INFO] root: Saved: eqqmq443c6hvnptdq99zxdqtw_20260404_00_00_00_defensores_unidos_villa_san_carlos.json
2026-04-12 19:45:28,468 [INFO] root: Processing 87/248: Talleres Remedios vs Arsenal
2026-04-12 19:45:28,470 [INFO] root: Downloading stats: Talleres Remedios vs Arsenal
2026-04-12 19:45:28,946 [INFO] root: Saved: enkxv3q7i2hqj75w9nu6qqmfo_20260404_00_00_00_talleres_remedios_arsenal.json
2026-04-12 19:45:29,948 [INFO] root: Processing 88/248: Ituzaingó vs Argentino Merlo
2026-04-12 19:45:29,951 [INFO] root: Downloading stats: Ituzaingó vs Argentino Merlo
2026-04-12 19:45:30,479 [INFO] root: Saved: en0g83ttyma86o7svg28kfdhw_20260403_00_00_00_ituzaingo_argentino_merlo.json
2026-04-12 19:45:31,481 [INFO] root: Processing 89/248: Brown de Adrogué vs Villa Dálmine
2026-04-12 19:45:31,482 [INFO] root: Downloading stats: Brown de Adrogué vs Villa Dálmine
2026-04-12 19:45:31,977 [INFO] root: Saved: eopxqlf0x82mt6jey59839rf8_20260403_00_00_00_brown_de_adrogue_villa_dalmine.json
2026-04-12 19:45:32,979 [INFO] root: Processing 90/248: Argentino Merlo vs Talleres Remedios
2026-04-12 19:45:32,980 [INFO] root: Downloading stats: Argentino Merlo vs Talleres Remedios
2026-04-12 19:45:33,268 [INFO] root: Saved: emj993vi3fk0q8iqdkpiz9d78_20260329_00_00_00_argentino_merlo_talleres_remedios.json
2026-04-12 19:45:34,270 [INFO] root: Processing 91/248: Real Pilar vs Argentino Quilmes
2026-04-12 19:45:34,270 [INFO] root: Downloading stats: Real Pilar vs Argentino Quilmes
2026-04-12 19:45:34,579 [INFO] root: Saved: ek3jipz11ft168b7jjyxm1ams_20260329_00_00_00_real_pilar_argentino_quilmes.json
2026-04-12 19:45:35,581 [INFO] root: Processing 92/248: San Martín Burzaco vs Dock Sud
2026-04-12 19:45:35,581 [INFO] root: Downloading stats: San Martín Burzaco vs Dock Sud
2026-04-12 19:45:36,085 [INFO] root: Saved: eila5qrhpq55i8ptora3ajxg4_20260329_00_00_00_san_martin_burzaco_dock_sud.json
2026-04-12 19:45:37,086 [INFO] root: Processing 93/248: Liniers vs Defensores Unidos
2026-04-12 19:45:37,087 [INFO] root: Downloading stats: Liniers vs Defensores Unidos
2026-04-12 19:45:37,322 [INFO] root: Saved: ejlr1wxwajn612uj9ie00zod0_20260329_00_00_00_liniers_defensores_unidos.json
2026-04-12 19:45:38,324 [INFO] root: Processing 94/248: Sportivo Italiano vs Deportivo Merlo
2026-04-12 19:45:38,327 [INFO] root: Downloading stats: Sportivo Italiano vs Deportivo Merlo
2026-04-12 19:45:39,205 [INFO] root: Saved: ei3y7k0i4q8aqdoqt3v5tq6tw_20260329_00_00_00_sportivo_italiano_deportivo_merlo.json
2026-04-12 19:45:40,207 [INFO] root: Processing 95/248: Excursionistas vs Brown de Adrogué
2026-04-12 19:45:40,210 [INFO] root: Downloading stats: Excursionistas vs Brown de Adrogué
2026-04-12 19:45:40,519 [INFO] root: Saved: elkbjghszekb0qy3erqwr9puc_20260328_00_00_00_excursionistas_brown_de_adrogue.json
2026-04-12 19:45:41,520 [INFO] root: Processing 96/248: Villa Dálmine vs Deportivo Armenio
2026-04-12 19:45:41,521 [INFO] root: Downloading stats: Villa Dálmine vs Deportivo Armenio
2026-04-12 19:45:42,562 [INFO] root: Saved: el2xkvfrreq9aus4mvzjpxmok_20260328_00_00_00_villa_dalmine_deportivo_armenio.json
2026-04-12 19:45:43,563 [INFO] root: Processing 97/248: Arsenal vs Deportivo Laferrere
2026-04-12 19:45:43,565 [INFO] root: Downloading stats: Arsenal vs Deportivo Laferrere
2026-04-12 19:45:43,990 [INFO] root: Saved: em24w6y3297kcsq8upnaw97h0_20260328_00_00_00_arsenal_deportivo_laferrere.json
2026-04-12 19:45:44,992 [INFO] root: Processing 98/248: UAI Urquiza vs Flandria
2026-04-12 19:45:44,996 [INFO] root: Downloading stats: UAI Urquiza vs Flandria
2026-04-12 19:45:45,390 [INFO] root: Saved: ekl8shpv2hwh9239vddme153o_20260328_00_00_00_uai_urquiza_flandria.json
2026-04-12 19:45:46,394 [INFO] root: Processing 99/248: Villa San Carlos vs Comunicaciones
2026-04-12 19:45:46,397 [INFO] root: Downloading stats: Villa San Carlos vs Comunicaciones
2026-04-12 19:45:46,709 [INFO] root: Saved: ej2m8etjhdxvfg6b3ruvwmpec_20260328_00_00_00_villa_san_carlos_comunicaciones.json
2026-04-12 19:45:47,710 [INFO] root: Processing 100/248: Deportivo Camioneros vs Ituzaingó
2026-04-12 19:45:47,711 [INFO] root: Downloading stats: Deportivo Camioneros vs Ituzaingó
2026-04-12 19:45:48,520 [INFO] root: Saved: ehmmef1zao3cryy60zuube2ac_20260328_00_00_00_deportivo_camioneros_ituzaingo.json
2026-04-12 19:45:49,522 [INFO] root: Progress: 100/248 (40.3%) | Speed: 42.64 matches/min | Success: 100 | Skipped: 0 | Failures: 0
2026-04-12 19:45:49,522 [INFO] root: Estimated time remaining: 3.5 minutes
2026-04-12 19:45:49,523 [INFO] root: Processing 101/248: Comunicaciones vs Liniers
2026-04-12 19:45:49,524 [INFO] root: Downloading stats: Comunicaciones vs Liniers
2026-04-12 19:45:49,767 [INFO] root: Saved: efof6jsjgd6khnn14zjuypm38_20260323_00_00_00_comunicaciones_liniers.json
2026-04-12 19:45:50,768 [INFO] root: Processing 102/248: Dock Sud vs Villa San Carlos
2026-04-12 19:45:50,769 [INFO] root: Downloading stats: Dock Sud vs Villa San Carlos
2026-04-12 19:45:51,123 [INFO] root: Saved: eg5nz9l3da84shm0uvylcw5xw_20260323_00_00_00_dock_sud_villa_san_carlos.json
2026-04-12 19:45:52,125 [INFO] root: Processing 103/248: Deportivo Camioneros vs Sportivo Italiano
2026-04-12 19:45:52,127 [INFO] root: Downloading stats: Deportivo Camioneros vs Sportivo Italiano
2026-04-12 19:45:52,565 [INFO] root: Saved: eh52vszuhaugl7xoyzdzejn6c_20260322_00_00_00_deportivo_camioneros_sportivo_italiano.json
2026-04-12 19:45:53,567 [INFO] root: Processing 104/248: Argentino Quilmes vs UAI Urquiza
2026-04-12 19:45:53,571 [INFO] root: Downloading stats: Argentino Quilmes vs UAI Urquiza
2026-04-12 19:45:54,253 [INFO] root: Saved: eeopmhgq4dkfrgdgiu2s4800k_20260322_00_00_00_argentino_quilmes_uai_urquiza.json
2026-04-12 19:45:55,254 [INFO] root: Processing 105/248: Atlético Tucumán Res. vs Tigre Res.
2026-04-12 19:45:55,257 [INFO] root: Downloading stats: Atlético Tucumán Res. vs Tigre Res.
2026-04-12 19:45:55,375 [INFO] root: Saved: dc9qfw996ggf4v59wu970msk4_20260409_00_00_00_atletico_tucuman_res_tigre_res.json
2026-04-12 19:45:56,377 [INFO] root: Processing 106/248: Huracán Res. vs Estudiantes Res.
2026-04-12 19:45:56,379 [INFO] root: Downloading stats: Huracán Res. vs Estudiantes Res.
2026-04-12 19:45:56,647 [INFO] root: Saved: dghxqpwjsomt3wibksr98lh5g_20260409_00_00_00_huracan_res_estudiantes_res.json
2026-04-12 19:45:57,648 [INFO] root: Processing 107/248: Estudiantes RC Res. vs Central Córdoba SdE Res.
2026-04-12 19:45:57,651 [INFO] root: Downloading stats: Estudiantes RC Res. vs Central Córdoba SdE Res.
2026-04-12 19:45:57,821 [INFO] root: Saved: dfupkvl5s85za76ehqy9r3dhw_20260409_00_00_00_estudiantes_rc_res_central_cordoba_sde_res.json
2026-04-12 19:45:58,824 [INFO] root: Processing 108/248: Barracas Central Res. vs Talleres de Córdoba Res.
2026-04-12 19:45:58,826 [INFO] root: Downloading stats: Barracas Central Res. vs Talleres de Córdoba Res.
2026-04-12 19:45:59,292 [INFO] root: Saved: ddmspkv4kns3189dn17fb7t3o_20260409_00_00_00_barracas_central_res_talleres_de_cordoba_res.json
2026-04-12 19:46:00,293 [INFO] root: Processing 109/248: Aldosivi Res. vs River Plate Res.
2026-04-12 19:46:00,295 [INFO] root: Downloading stats: Aldosivi Res. vs River Plate Res.
2026-04-12 19:46:00,564 [INFO] root: Saved: dawx07ccaai6czg2hkb7dk9hw_20260409_00_00_00_aldosivi_res_river_plate_res.json
2026-04-12 19:46:01,567 [INFO] root: Processing 110/248: Sarmiento Res. vs Instituto Res.
2026-04-12 19:46:01,569 [INFO] root: Downloading stats: Sarmiento Res. vs Instituto Res.
2026-04-12 19:46:02,095 [INFO] root: Saved: da0jsdna05hraqim8487utdzo_20260409_00_00_00_sarmiento_res_instituto_res.json
2026-04-12 19:46:03,096 [INFO] root: Processing 111/248: Argentinos Juniors Res. vs Racing Club Res.
2026-04-12 19:46:03,098 [INFO] root: Downloading stats: Argentinos Juniors Res. vs Racing Club Res.
2026-04-12 19:46:03,437 [INFO] root: Saved: dag81ok3pdoztdf6a01zug1lg_20260409_00_00_00_argentinos_juniors_res_racing_club_res.json
2026-04-12 19:46:04,439 [INFO] root: Processing 112/248: Boca Juniors Res. vs Platense Res.
2026-04-12 19:46:04,442 [INFO] root: Downloading stats: Boca Juniors Res. vs Platense Res.
2026-04-12 19:46:04,718 [INFO] root: Saved: dhe215uyazcd3j02tmmwcm9lg_20260408_00_00_00_boca_juniors_res_platense_res.json
2026-04-12 19:46:05,720 [INFO] root: Processing 113/248: Defensa y Justicia Res. vs San Martín San Juan Res.
2026-04-12 19:46:05,720 [INFO] root: Downloading stats: Defensa y Justicia Res. vs San Martín San Juan Res.
2026-04-12 19:46:06,040 [INFO] root: Saved: dfets3xk6cbj63t6isltka9ec_20260408_00_00_00_defensa_y_justicia_res_san_martin_san_juan_res.json
2026-04-12 19:46:07,041 [INFO] root: Processing 114/248: Newell's Old Boys Res. vs Independiente Riva. Res.
2026-04-12 19:46:07,043 [INFO] root: Downloading stats: Newell's Old Boys Res. vs Independiente Riva. Res.
2026-04-12 19:46:07,363 [INFO] root: Saved: dexkyobkj4b79igv6ubtdi0wk_20260408_00_00_00_newells_old_boys_res_independiente_riva_res.json
2026-04-12 19:46:08,364 [INFO] root: Processing 115/248: Gimnasia Mendoza Res. vs Banfield Res.
2026-04-12 19:46:08,365 [INFO] root: Downloading stats: Gimnasia Mendoza Res. vs Banfield Res.
2026-04-12 19:46:08,707 [INFO] root: Saved: dd7bvj7ctn2sri8qf9q580xlg_20260408_00_00_00_gimnasia_mendoza_res_banfield_res.json
2026-04-12 19:46:09,708 [INFO] root: Processing 116/248: Gimnasia La Plata Res. vs Vélez Sársfield Res.
2026-04-12 19:46:09,710 [INFO] root: Downloading stats: Gimnasia La Plata Res. vs Vélez Sársfield Res.
2026-04-12 19:46:09,954 [INFO] root: Saved: dbcfrou6uo7yeb0kptopo1a8k_20260408_00_00_00_gimnasia_la_plata_res_velez_sarsfield_res.json
2026-04-12 19:46:10,956 [INFO] root: Processing 117/248: Independiente Res. vs Atlético Rafaela Res.
2026-04-12 19:46:10,959 [INFO] root: Downloading stats: Independiente Res. vs Atlético Rafaela Res.
2026-04-12 19:46:11,257 [INFO] root: Saved: dhvj6cu8bltsmnybvlvy32p04_20260407_00_00_00_independiente_res_atletico_rafaela_res.json
2026-04-12 19:46:12,258 [INFO] root: Processing 118/248: Ferro Carril Oeste Res. vs Quilmes Res.
2026-04-12 19:46:12,264 [INFO] root: Downloading stats: Ferro Carril Oeste Res. vs Quilmes Res.
2026-04-12 19:46:12,573 [INFO] root: Saved: dgyfyrylm2e0nni8ymor5iq6s_20260407_00_00_00_ferro_carril_oeste_res_quilmes_res.json
2026-04-12 19:46:13,576 [INFO] root: Processing 119/248: Lanús Res. vs Deportivo Riestra Res.
2026-04-12 19:46:13,581 [INFO] root: Downloading stats: Lanús Res. vs Deportivo Riestra Res.
2026-04-12 19:46:13,850 [INFO] root: Saved: dei0c8lsd2umrk920udc6nvo4_20260407_00_00_00_lanus_res_deportivo_riestra_res.json
2026-04-12 19:46:14,853 [INFO] root: Processing 120/248: Belgrano Res. vs Colón Res.
2026-04-12 19:46:14,858 [INFO] root: Downloading stats: Belgrano Res. vs Colón Res.
2026-04-12 19:46:15,151 [INFO] root: Saved: de2ebs1uujvnh6c4u9k1raqz8_20260407_00_00_00_belgrano_res_colon_res.json
2026-04-12 19:46:16,152 [INFO] root: Progress: 120/248 (48.4%) | Speed: 43.03 matches/min | Success: 120 | Skipped: 0 | Failures: 0
2026-04-12 19:46:16,152 [INFO] root: Estimated time remaining: 3.0 minutes
2026-04-12 19:46:16,152 [INFO] root: Processing 121/248: Godoy Cruz Res. vs Rosario Central Res.
2026-04-12 19:46:16,153 [INFO] root: Downloading stats: Godoy Cruz Res. vs Rosario Central Res.
2026-04-12 19:46:16,586 [INFO] root: Saved: dcrm6w34ujhslfpedeltzr7kk_20260407_00_00_00_godoy_cruz_res_rosario_central_res.json
2026-04-12 19:46:17,588 [INFO] root: Processing 122/248: Unión Res. vs San Lorenzo Res.
2026-04-12 19:46:17,591 [INFO] root: Downloading stats: Unión Res. vs San Lorenzo Res.
2026-04-12 19:46:17,965 [INFO] root: Saved: dbs0pph86vzjvovmlopolhqms_20260407_00_00_00_union_res_san_lorenzo_res.json
2026-04-12 19:46:18,967 [INFO] root: Processing 123/248: Sarmiento Res. vs Argentinos Juniors Res.
2026-04-12 19:46:18,967 [INFO] root: Downloading stats: Sarmiento Res. vs Argentinos Juniors Res.
2026-04-12 19:46:19,285 [INFO] root: Saved: d543x8fovgwyzjmt0pbsoqexg_20260403_00_00_00_sarmiento_res_argentinos_juniors_res.json
2026-04-12 19:46:20,287 [INFO] root: Processing 124/248: Instituto Res. vs Talleres de Córdoba Res.
2026-04-12 19:46:20,291 [INFO] root: Downloading stats: Instituto Res. vs Talleres de Córdoba Res.
2026-04-12 19:46:20,628 [INFO] root: Saved: d0r1ridu8de9jyf0yd3l29b10_20260403_00_00_00_instituto_res_talleres_de_cordoba_res.json
2026-04-12 19:46:21,629 [INFO] root: Processing 125/248: Central Córdoba SdE Res. vs Huracán Res.
2026-04-12 19:46:21,630 [INFO] root: Downloading stats: Central Córdoba SdE Res. vs Huracán Res.
2026-04-12 19:46:22,007 [INFO] root: Saved: d7gjsgnb6dhra5fvo62wibp5g_20260402_00_00_00_central_cordoba_sde_res_huracan_res.json
2026-04-12 19:46:23,008 [INFO] root: Processing 126/248: River Plate Res. vs Gimnasia La Plata Res.
2026-04-12 19:46:23,009 [INFO] root: Downloading stats: River Plate Res. vs Gimnasia La Plata Res.
2026-04-12 19:46:23,257 [INFO] root: Saved: d419i2d5ejcrus6c9pf8y8jdg_20260402_00_00_00_river_plate_res_gimnasia_la_plata_res.json
2026-04-12 19:46:24,258 [INFO] root: Processing 127/248: Rosario Central Res. vs Gimnasia Mendoza Res.
2026-04-12 19:46:24,259 [INFO] root: Downloading stats: Rosario Central Res. vs Gimnasia Mendoza Res.
2026-04-12 19:46:24,487 [INFO] root: Saved: d1um3a4hxckqcdza4livmj8yc_20260402_00_00_00_rosario_central_res_gimnasia_mendoza_res.json
2026-04-12 19:46:25,489 [INFO] root: Processing 128/248: Quilmes Res. vs Boca Juniors Res.
2026-04-12 19:46:25,491 [INFO] root: Downloading stats: Quilmes Res. vs Boca Juniors Res.
2026-04-12 19:46:25,757 [INFO] root: Saved: d6hpwk6n3hcna9s7ruhlch5hw_20260401_00_00_00_quilmes_res_boca_juniors_res.json
2026-04-12 19:46:26,759 [INFO] root: Processing 129/248: San Martín San Juan Res. vs Estudiantes RC Res.
2026-04-12 19:46:26,760 [INFO] root: Downloading stats: San Martín San Juan Res. vs Estudiantes RC Res.
2026-04-12 19:46:27,171 [INFO] root: Saved: d7wf8fuo600kv2y9uw39zds0k_20260401_00_00_00_san_martin_san_juan_res_estudiantes_rc_res.json
2026-04-12 19:46:28,172 [INFO] root: Processing 130/248: Estudiantes Res. vs Ferro Carril Oeste Res.
2026-04-12 19:46:28,176 [INFO] root: Downloading stats: Estudiantes Res. vs Ferro Carril Oeste Res.
2026-04-12 19:46:28,558 [INFO] root: Saved: d6yekfr9q34sldisvhy79lfdg_20260401_00_00_00_estudiantes_res_ferro_carril_oeste_res.json
2026-04-12 19:46:29,559 [INFO] root: Processing 131/248: Vélez Sársfield Res. vs Unión Res.
2026-04-12 19:46:29,559 [INFO] root: Downloading stats: Vélez Sársfield Res. vs Unión Res.
2026-04-12 19:46:30,548 [INFO] root: Saved: d3ld7p03hwj5349qwdxr9dclw_20260401_00_00_00_velez_sarsfield_res_union_res.json
2026-04-12 19:46:31,550 [INFO] root: Processing 132/248: San Lorenzo Res. vs Atlético Tucumán Res.
2026-04-12 19:46:31,551 [INFO] root: Downloading stats: San Lorenzo Res. vs Atlético Tucumán Res.
2026-04-12 19:46:31,870 [INFO] root: Saved: d3264ksa137fzudisrxt9nhn8_20260401_00_00_00_san_lorenzo_res_atletico_tucuman_res.json
2026-04-12 19:46:32,871 [INFO] root: Processing 133/248: Tigre Res. vs Godoy Cruz Res.
2026-04-12 19:46:32,873 [INFO] root: Downloading stats: Tigre Res. vs Godoy Cruz Res.
2026-04-12 19:46:33,128 [INFO] root: Saved: d2kj4wf3bjktbdktjh9kzfn6c_20260401_00_00_00_tigre_res_godoy_cruz_res.json
2026-04-12 19:46:34,130 [INFO] root: Processing 134/248: Banfield Res. vs Barracas Central Res.
2026-04-12 19:46:34,133 [INFO] root: Downloading stats: Banfield Res. vs Barracas Central Res.
2026-04-12 19:46:34,438 [INFO] root: Saved: d17rv0m8xy3wv69dzx1fwowes_20260401_00_00_00_banfield_res_barracas_central_res.json
2026-04-12 19:46:35,439 [INFO] root: Processing 135/248: Belgrano Res. vs Lanús Res.
2026-04-12 19:46:35,441 [INFO] root: Downloading stats: Belgrano Res. vs Lanús Res.
2026-04-12 19:46:35,659 [INFO] root: Saved: d9ky7l10k2b6h6h9ftaflnztg_20260331_00_00_00_belgrano_res_lanus_res.json
2026-04-12 19:46:36,660 [INFO] root: Processing 136/248: Deportivo Riestra Res. vs Newell's Old Boys Res.
2026-04-12 19:46:36,661 [INFO] root: Downloading stats: Deportivo Riestra Res. vs Newell's Old Boys Res.
2026-04-12 19:46:37,031 [INFO] root: Saved: d95dl6t02r2klm1lenscd7llg_20260331_00_00_00_deportivo_riestra_res_newells_old_boys_res.json
2026-04-12 19:46:38,033 [INFO] root: Processing 137/248: Independiente Riva. Res. vs Defensa y Justicia Res.
2026-04-12 19:46:38,036 [INFO] root: Downloading stats: Independiente Riva. Res. vs Defensa y Justicia Res.
2026-04-12 19:46:38,252 [INFO] root: Saved: d8ls9kbqcfrt3abhgojvl7r4k_20260331_00_00_00_independiente_riva_res_defensa_y_justicia_res.json
2026-04-12 19:46:39,254 [INFO] root: Processing 138/248: Platense Res. vs Independiente Res.
2026-04-12 19:46:39,255 [INFO] root: Downloading stats: Platense Res. vs Independiente Res.
2026-04-12 19:46:39,519 [INFO] root: Saved: d60utf5h6086uo366vlxoai38_20260331_00_00_00_platense_res_independiente_res.json
2026-04-12 19:46:40,520 [INFO] root: Processing 139/248: Colón Res. vs Atlético Rafaela Res.
2026-04-12 19:46:40,520 [INFO] root: Downloading stats: Colón Res. vs Atlético Rafaela Res.
2026-04-12 19:46:40,803 [INFO] root: Saved: d5lby8ihxu83yneithnl3rqj8_20260331_00_00_00_colon_res_atletico_rafaela_res.json
2026-04-12 19:46:41,804 [INFO] root: Processing 140/248: Racing Club Res. vs Aldosivi Res.
2026-04-12 19:46:41,805 [INFO] root: Downloading stats: Racing Club Res. vs Aldosivi Res.
2026-04-12 19:46:42,136 [INFO] root: Saved: d4hl32lfu1eafbbw6uhi4e9zo_20260330_00_00_00_racing_club_res_aldosivi_res.json
2026-04-12 19:46:43,136 [INFO] root: Progress: 140/248 (56.5%) | Speed: 43.23 matches/min | Success: 140 | Skipped: 0 | Failures: 0
2026-04-12 19:46:43,138 [INFO] root: Estimated time remaining: 2.5 minutes
2026-04-12 19:46:43,138 [INFO] root: Processing 141/248: Atlético Tucumán Res. vs Vélez Sársfield Res.
2026-04-12 19:46:43,139 [INFO] root: Downloading stats: Atlético Tucumán Res. vs Vélez Sársfield Res.
2026-04-12 19:46:43,485 [INFO] root: Saved: cu8pernx4xok8k74aet6pfaxg_20260326_00_00_00_atletico_tucuman_res_velez_sarsfield_res.json
2026-04-12 19:46:44,486 [INFO] root: Processing 142/248: Unión Res. vs River Plate Res.
2026-04-12 19:46:44,487 [INFO] root: Downloading stats: Unión Res. vs River Plate Res.
2026-04-12 19:46:44,730 [INFO] root: Saved: ctt969dzewd465fy3jnfkitjo_20260326_00_00_00_union_res_river_plate_res.json
2026-04-12 19:46:45,731 [INFO] root: Processing 143/248: Talleres de Córdoba Res. vs Banfield Res.
2026-04-12 19:46:45,733 [INFO] root: Downloading stats: Talleres de Córdoba Res. vs Banfield Res.
2026-04-12 19:46:45,973 [INFO] root: Saved: cvzgbu6e4khqxj4c8gnganlec_20260326_00_00_00_talleres_de_cordoba_res_banfield_res.json
2026-04-12 19:46:46,974 [INFO] root: Processing 144/248: Boca Juniors Res. vs Estudiantes Res.
2026-04-12 19:46:46,977 [INFO] root: Downloading stats: Boca Juniors Res. vs Estudiantes Res.
2026-04-12 19:46:47,183 [INFO] root: Saved: czgg426otznuoi0igbfljt1xw_20260326_00_00_00_boca_juniors_res_estudiantes_res.json
2026-04-12 19:46:48,184 [INFO] root: Processing 145/248: Atlético Rafaela Res. vs Platense Res.
2026-04-12 19:46:48,185 [INFO] root: Downloading stats: Atlético Rafaela Res. vs Platense Res.
2026-04-12 19:46:48,349 [INFO] root: Saved: d0blsavuwg7y9xb92tz04yv4k_20260326_00_00_00_atletico_rafaela_res_platense_res.json
2026-04-12 19:46:49,350 [INFO] root: Processing 146/248: Independiente Res. vs Quilmes Res.
2026-04-12 19:46:49,352 [INFO] root: Downloading stats: Independiente Res. vs Quilmes Res.
2026-04-12 19:46:49,640 [INFO] root: Saved: czw1lz3uaxry1rhogqrm2fs44_20260326_00_00_00_independiente_res_quilmes_res.json
2026-04-12 19:46:50,642 [INFO] root: Processing 147/248: Ferro Carril Oeste Res. vs Central Córdoba SdE Res.
2026-04-12 19:46:50,648 [INFO] root: Downloading stats: Ferro Carril Oeste Res. vs Central Córdoba SdE Res.
2026-04-12 19:46:50,971 [INFO] root: Saved: cz0ohrc6jyr4lnxpe20fs8i6s_20260326_00_00_00_ferro_carril_oeste_res_central_cordoba_sde_res.json
2026-04-12 19:46:51,974 [INFO] root: Processing 148/248: Huracán Res. vs San Martín San Juan Res.
2026-04-12 19:46:51,977 [INFO] root: Downloading stats: Huracán Res. vs San Martín San Juan Res.
2026-04-12 19:46:52,184 [INFO] root: Saved: cykflt14u17hbtcnnbtk1kqvo_20260326_00_00_00_huracan_res_san_martin_san_juan_res.json
2026-04-12 19:46:53,186 [INFO] root: Processing 149/248: Estudiantes RC Res. vs Independiente Riva. Res.
2026-04-12 19:46:53,187 [INFO] root: Downloading stats: Estudiantes RC Res. vs Independiente Riva. Res.
2026-04-12 19:46:53,602 [INFO] root: Saved: cy4tz3ht9h8ye0tai9vlksvf8_20260326_00_00_00_estudiantes_rc_res_independiente_riva_res.json
2026-04-12 19:46:54,603 [INFO] root: Processing 150/248: Defensa y Justicia Res. vs Deportivo Riestra Res.
2026-04-12 19:46:54,604 [INFO] root: Downloading stats: Defensa y Justicia Res. vs Deportivo Riestra Res.
2026-04-12 19:46:54,806 [INFO] root: Saved: cxo1g9wj7kt0uu11lfws6ip78_20260326_00_00_00_defensa_y_justicia_res_deportivo_riestra_res.json
2026-04-12 19:46:55,807 [INFO] root: Processing 151/248: Godoy Cruz Res. vs San Lorenzo Res.
2026-04-12 19:46:55,811 [INFO] root: Downloading stats: Godoy Cruz Res. vs San Lorenzo Res.
2026-04-12 19:46:56,063 [INFO] root: Saved: cuofhrck936m0gocr5da3soic_20260326_00_00_00_godoy_cruz_res_san_lorenzo_res.json
2026-04-12 19:46:57,064 [INFO] root: Processing 152/248: Gimnasia Mendoza Res. vs Tigre Res.
2026-04-12 19:46:57,065 [INFO] root: Downloading stats: Gimnasia Mendoza Res. vs Tigre Res.
2026-04-12 19:46:57,227 [INFO] root: Saved: cv3yfznq7b50ub1rfsqy8d444_20260326_00_00_00_gimnasia_mendoza_res_tigre_res.json
2026-04-12 19:46:58,228 [INFO] root: Processing 153/248: Newell's Old Boys Res. vs Belgrano Res.
2026-04-12 19:46:58,230 [INFO] root: Downloading stats: Newell's Old Boys Res. vs Belgrano Res.
2026-04-12 19:46:58,420 [INFO] root: Saved: cx8cqdce81je4fvzjbxlw1xxw_20260325_00_00_00_newells_old_boys_res_belgrano_res.json
2026-04-12 19:46:59,422 [INFO] root: Processing 154/248: Lanús Res. vs Colón Res.
2026-04-12 19:46:59,424 [INFO] root: Downloading stats: Lanús Res. vs Colón Res.
2026-04-12 19:46:59,727 [INFO] root: Saved: cwm6jhwcoqev2putreixt83ro_20260325_00_00_00_lanus_res_colon_res.json
2026-04-12 19:47:00,729 [INFO] root: Processing 155/248: Barracas Central Res. vs Rosario Central Res.
2026-04-12 19:47:00,733 [INFO] root: Downloading stats: Barracas Central Res. vs Rosario Central Res.
2026-04-12 19:47:00,871 [INFO] root: Saved: cvjq04u8rgjql8h5i2hyc2n84_20260325_00_00_00_barracas_central_res_rosario_central_res.json
2026-04-12 19:47:01,873 [INFO] root: Processing 156/248: Gimnasia La Plata Res. vs Racing Club Res.
2026-04-12 19:47:01,877 [INFO] root: Downloading stats: Gimnasia La Plata Res. vs Racing Club Res.
2026-04-12 19:47:02,156 [INFO] root: Saved: ctdt2zxztipyzut3cs1jlwrv8_20260325_00_00_00_gimnasia_la_plata_res_racing_club_res.json
2026-04-12 19:47:03,158 [INFO] root: Processing 157/248: Aldosivi Res. vs Sarmiento Res.
2026-04-12 19:47:03,160 [INFO] root: Downloading stats: Aldosivi Res. vs Sarmiento Res.
2026-04-12 19:47:03,454 [INFO] root: Saved: csyc6s6vapb9cz24tcrfaqyac_20260325_00_00_00_aldosivi_res_sarmiento_res.json
2026-04-12 19:47:04,455 [INFO] root: Processing 158/248: Argentinos Juniors Res. vs Instituto Res.
2026-04-12 19:47:04,458 [INFO] root: Downloading stats: Argentinos Juniors Res. vs Instituto Res.
2026-04-12 19:47:04,648 [INFO] root: Saved: csit6efe5kgjpukrajrxsdgr8_20260325_00_00_00_argentinos_juniors_res_instituto_res.json
2026-04-12 19:47:05,649 [INFO] root: Processing 159/248: River Plate Res. vs Atlético Tucumán Res.
2026-04-12 19:47:05,650 [INFO] root: Downloading stats: River Plate Res. vs Atlético Tucumán Res.
2026-04-12 19:47:05,843 [INFO] root: Saved: cm300yfxamzxio1sy3vlog7is_20260319_00_00_00_river_plate_res_atletico_tucuman_res.json
2026-04-12 19:47:06,845 [INFO] root: Processing 160/248: Independiente Riva. Res. vs Huracán Res.
2026-04-12 19:47:06,848 [INFO] root: Downloading stats: Independiente Riva. Res. vs Huracán Res.
2026-04-12 19:47:07,054 [INFO] root: Saved: cql63owo1hdgd2o9rvxhzpd78_20260319_00_00_00_independiente_riva_res_huracan_res.json
2026-04-12 19:47:08,056 [INFO] root: Progress: 160/248 (64.5%) | Speed: 43.79 matches/min | Success: 160 | Skipped: 0 | Failures: 0
2026-04-12 19:47:08,056 [INFO] root: Estimated time remaining: 2.0 minutes
2026-04-12 19:47:08,057 [INFO] root: Processing 161/248: San Martín San Juan Res. vs Ferro Carril Oeste Res.
2026-04-12 19:47:08,058 [INFO] root: Downloading stats: San Martín San Juan Res. vs Ferro Carril Oeste Res.
2026-04-12 19:47:08,295 [INFO] root: Saved: cq4y8ei4hi4joe2epc0lykzdg_20260319_00_00_00_san_martin_san_juan_res_ferro_carril_oeste_res.json
2026-04-12 19:47:09,296 [INFO] root: Processing 162/248: Colón Res. vs Platense Res.
2026-04-12 19:47:09,298 [INFO] root: Downloading stats: Colón Res. vs Platense Res.
2026-04-12 19:47:09,770 [INFO] root: Saved: co9e0dd6grauo65m4y7extno4_20260319_00_00_00_colon_res_platense_res.json
2026-04-12 19:47:10,771 [INFO] root: Processing 163/248: Estudiantes Res. vs Independiente Res.
2026-04-12 19:47:10,773 [INFO] root: Downloading stats: Estudiantes Res. vs Independiente Res.
2026-04-12 19:47:11,263 [INFO] root: Saved: cp5mbyy8don141vj26qq86yvo_20260319_00_00_00_estudiantes_res_independiente_res.json
2026-04-12 19:47:12,264 [INFO] root: Processing 164/248: Vélez Sársfield Res. vs Godoy Cruz Res.
2026-04-12 19:47:12,264 [INFO] root: Downloading stats: Vélez Sársfield Res. vs Godoy Cruz Res.
2026-04-12 19:47:12,409 [INFO] root: Saved: clll6uor30aeb2uc6yabcxses_20260319_00_00_00_velez_sarsfield_res_godoy_cruz_res.json
2026-04-12 19:47:13,410 [INFO] root: Processing 165/248: Central Córdoba SdE Res. vs Boca Juniors Res.
2026-04-12 19:47:13,411 [INFO] root: Downloading stats: Central Córdoba SdE Res. vs Boca Juniors Res.
2026-04-12 19:47:13,588 [INFO] root: Saved: cplgmb0srybphvlmf7uldvms4_20260318_00_00_00_central_cordoba_sde_res_boca_juniors_res.json
2026-04-12 19:47:14,589 [INFO] root: Processing 166/248: Deportivo Riestra Res. vs Estudiantes RC Res.
2026-04-12 19:47:14,592 [INFO] root: Downloading stats: Deportivo Riestra Res. vs Estudiantes RC Res.
2026-04-12 19:47:14,904 [INFO] root: Saved: cr3x390iosq8s0woc705jupzo_20260318_00_00_00_deportivo_riestra_res_estudiantes_rc_res.json
2026-04-12 19:47:15,905 [INFO] root: Processing 167/248: San Lorenzo Res. vs Gimnasia Mendoza Res.
2026-04-12 19:47:15,906 [INFO] root: Downloading stats: San Lorenzo Res. vs Gimnasia Mendoza Res.
2026-04-12 19:47:16,128 [INFO] root: Saved: cl5za3pba6t4wn4gh66jrqbys_20260318_00_00_00_san_lorenzo_res_gimnasia_mendoza_res.json
2026-04-12 19:47:17,129 [INFO] root: Processing 168/248: Lanús Res. vs Newell's Old Boys Res.
2026-04-12 19:47:17,130 [INFO] root: Downloading stats: Lanús Res. vs Newell's Old Boys Res.
2026-04-12 19:47:17,606 [INFO] root: Saved: cs3gdzw4zzu0bq331oaas06qc_20260318_00_00_00_lanus_res_newells_old_boys_res.json
2026-04-12 19:47:18,607 [INFO] root: Processing 169/248: Racing Club Res. vs Unión Res.
2026-04-12 19:47:18,607 [INFO] root: Downloading stats: Racing Club Res. vs Unión Res.
2026-04-12 19:47:18,860 [INFO] root: Saved: cmilrrmpcc8yhqfu92tlezehg_20260318_00_00_00_racing_club_res_union_res.json
2026-04-12 19:47:19,862 [INFO] root: Processing 170/248: Tigre Res. vs Barracas Central Res.
2026-04-12 19:47:19,862 [INFO] root: Downloading stats: Tigre Res. vs Barracas Central Res.
2026-04-12 19:47:20,269 [INFO] root: Saved: cko5lj5hdtxdc8grcgezvs2dw_20260318_00_00_00_tigre_res_barracas_central_res.json
2026-04-12 19:47:21,271 [INFO] root: Processing 171/248: Belgrano Res. vs Defensa y Justicia Res.
2026-04-12 19:47:21,272 [INFO] root: Downloading stats: Belgrano Res. vs Defensa y Justicia Res.
2026-04-12 19:47:21,542 [INFO] root: Saved: crlxkv3wgszbenlmsxdsjqfx0_20260317_00_00_00_belgrano_res_defensa_y_justicia_res.json
2026-04-12 19:47:22,544 [INFO] root: Processing 172/248: Rosario Central Res. vs Talleres de Córdoba Res.
2026-04-12 19:47:22,546 [INFO] root: Downloading stats: Rosario Central Res. vs Talleres de Córdoba Res.
2026-04-12 19:47:22,708 [INFO] root: Saved: cjyjzx0l05fyd7pb9h6xbwfmc_20260317_00_00_00_rosario_central_res_talleres_de_cordoba_res.json
2026-04-12 19:47:23,710 [INFO] root: Processing 173/248: Instituto Res. vs Banfield Res.
2026-04-12 19:47:23,712 [INFO] root: Downloading stats: Instituto Res. vs Banfield Res.
2026-04-12 19:47:23,891 [INFO] root: Saved: cjhmlkhoqghf9jgi4zconohlg_20260317_00_00_00_instituto_res_banfield_res.json
2026-04-12 19:47:24,892 [INFO] root: Processing 174/248: Quilmes Res. vs Atlético Rafaela Res.
2026-04-12 19:47:24,893 [INFO] root: Downloading stats: Quilmes Res. vs Atlético Rafaela Res.
2026-04-12 19:47:25,160 [INFO] root: Saved: coq3g4mmotp9sj81p3kinm5uc_20260317_00_00_00_quilmes_res_atletico_rafaela_res.json
2026-04-12 19:47:26,161 [INFO] root: Processing 175/248: Argentinos Juniors Res. vs Aldosivi Res.
2026-04-12 19:47:26,163 [INFO] root: Downloading stats: Argentinos Juniors Res. vs Aldosivi Res.
2026-04-12 19:47:26,361 [INFO] root: Saved: cnor7278452p3mhvj47969jpw_20260317_00_00_00_argentinos_juniors_res_aldosivi_res.json
2026-04-12 19:47:27,363 [INFO] root: Processing 176/248: Sarmiento Res. vs Gimnasia La Plata Res.
2026-04-12 19:47:27,364 [INFO] root: Downloading stats: Sarmiento Res. vs Gimnasia La Plata Res.
2026-04-12 19:47:27,606 [INFO] root: Saved: cmy3727xb8scm38yjtforsf10_20260317_00_00_00_sarmiento_res_gimnasia_la_plata_res.json
2026-04-12 19:47:28,607 [INFO] root: Processing 177/248: Atlético Tucumán Res. vs Racing Club Res.
2026-04-12 19:47:28,609 [INFO] root: Downloading stats: Atlético Tucumán Res. vs Racing Club Res.
2026-04-12 19:47:28,836 [INFO] root: Saved: cbciy8pwv225p001vhuoigsgk_20260304_00_00_00_atletico_tucuman_res_racing_club_res.json
2026-04-12 19:47:29,838 [INFO] root: Processing 178/248: Atlético Rafaela Res. vs Estudiantes Res.
2026-04-12 19:47:29,842 [INFO] root: Downloading stats: Atlético Rafaela Res. vs Estudiantes Res.
2026-04-12 19:47:30,103 [INFO] root: Saved: ciljii6p55ap2h1l7jfhp0nx0_20260304_00_00_00_atletico_rafaela_res_estudiantes_res.json
2026-04-12 19:47:31,104 [INFO] root: Processing 179/248: Huracán Res. vs Deportivo Riestra Res.
2026-04-12 19:47:31,106 [INFO] root: Downloading stats: Huracán Res. vs Deportivo Riestra Res.
2026-04-12 19:47:31,420 [INFO] root: Saved: cgv1ijljp51rnbpetosvo03kk_20260304_00_00_00_huracan_res_deportivo_riestra_res.json
2026-04-12 19:47:32,422 [INFO] root: Processing 180/248: Estudiantes RC Res. vs Belgrano Res.
2026-04-12 19:47:32,424 [INFO] root: Downloading stats: Estudiantes RC Res. vs Belgrano Res.
2026-04-12 19:47:32,800 [INFO] root: Saved: cgbs4pt84ujjckn4spb04ty50_20260304_00_00_00_estudiantes_rc_res_belgrano_res.json
2026-04-12 19:47:33,801 [INFO] root: Progress: 180/248 (72.6%) | Speed: 44.08 matches/min | Success: 180 | Skipped: 0 | Failures: 0
2026-04-12 19:47:33,802 [INFO] root: Estimated time remaining: 1.5 minutes
2026-04-12 19:47:33,802 [INFO] root: Processing 181/248: Banfield Res. vs Rosario Central Res.
2026-04-12 19:47:33,802 [INFO] root: Downloading stats: Banfield Res. vs Rosario Central Res.
2026-04-12 19:47:34,033 [INFO] root: Saved: ces69et8dqgupalp2tvxy740k_20260304_00_00_00_banfield_res_rosario_central_res.json
2026-04-12 19:47:35,035 [INFO] root: Processing 182/248: Barracas Central Res. vs San Lorenzo Res.
2026-04-12 19:47:35,036 [INFO] root: Downloading stats: Barracas Central Res. vs San Lorenzo Res.
2026-04-12 19:47:35,252 [INFO] root: Saved: ccsfc7qburnowyiz9z3dvxq8k_20260304_00_00_00_barracas_central_res_san_lorenzo_res.json
2026-04-12 19:47:36,254 [INFO] root: Processing 183/248: Godoy Cruz Res. vs River Plate Res.
2026-04-12 19:47:36,259 [INFO] root: Downloading stats: Godoy Cruz Res. vs River Plate Res.
2026-04-12 19:47:36,736 [INFO] root: Saved: cbs6bctm218t96tdmqhznr578_20260304_00_00_00_godoy_cruz_res_river_plate_res.json
2026-04-12 19:47:37,737 [INFO] root: Processing 184/248: Boca Juniors Res. vs San Martín San Juan Res.
2026-04-12 19:47:37,739 [INFO] root: Downloading stats: Boca Juniors Res. vs San Martín San Juan Res.
2026-04-12 19:47:38,129 [INFO] root: Saved: chq6e5q1t10a8llqkh8t9m68k_20260303_00_00_00_boca_juniors_res_san_martin_san_juan_res.json
2026-04-12 19:47:39,131 [INFO] root: Processing 185/248: Talleres de Córdoba Res. vs Tigre Res.
2026-04-12 19:47:39,134 [INFO] root: Downloading stats: Talleres de Córdoba Res. vs Tigre Res.
2026-04-12 19:47:39,538 [INFO] root: Saved: ce6w7wfgkwsbuvzaeb2w2cu8k_20260303_00_00_00_talleres_de_cordoba_res_tigre_res.json
2026-04-12 19:47:40,539 [INFO] root: Processing 186/248: Platense Res. vs Quilmes Res.
2026-04-12 19:47:40,541 [INFO] root: Downloading stats: Platense Res. vs Quilmes Res.
2026-04-12 19:47:40,684 [INFO] root: Saved: cj1byedx8f3jhikzknjpz14wk_20260303_00_00_00_platense_res_quilmes_res.json
2026-04-12 19:47:41,685 [INFO] root: Processing 187/248: Ferro Carril Oeste Res. vs Independiente Riva. Res.
2026-04-12 19:47:41,686 [INFO] root: Downloading stats: Ferro Carril Oeste Res. vs Independiente Riva. Res.
2026-04-12 19:47:41,925 [INFO] root: Saved: chalb7rus24nswslzm6e8tct0_20260303_00_00_00_ferro_carril_oeste_res_independiente_riva_res.json
2026-04-12 19:47:42,927 [INFO] root: Processing 188/248: Gimnasia Mendoza Res. vs Vélez Sársfield Res.
2026-04-12 19:47:42,930 [INFO] root: Downloading stats: Gimnasia Mendoza Res. vs Vélez Sársfield Res.
2026-04-12 19:47:43,034 [INFO] root: Saved: cca8tmm0nby9leez4g32ijn6c_20260303_00_00_00_gimnasia_mendoza_res_velez_sarsfield_res.json
2026-04-12 19:47:44,036 [INFO] root: Processing 189/248: Aldosivi Res. vs Instituto Res.
2026-04-12 19:47:44,041 [INFO] root: Downloading stats: Aldosivi Res. vs Instituto Res.
2026-04-12 19:47:44,202 [INFO] root: Saved: c9yezffnbaetw0efwigcfsb2s_20260303_00_00_00_aldosivi_res_instituto_res.json
2026-04-12 19:47:45,204 [INFO] root: Processing 190/248: Independiente Res. vs Central Córdoba SdE Res.
2026-04-12 19:47:45,206 [INFO] root: Downloading stats: Independiente Res. vs Central Córdoba SdE Res.
2026-04-12 19:47:45,442 [INFO] root: Saved: ci5u8qmj6natjyj3zvjbhpf6c_20260302_00_00_00_independiente_res_central_cordoba_sde_res.json
2026-04-12 19:47:46,443 [INFO] root: Processing 191/248: Defensa y Justicia Res. vs Lanús Res.
2026-04-12 19:47:46,446 [INFO] root: Downloading stats: Defensa y Justicia Res. vs Lanús Res.
2026-04-12 19:47:46,752 [INFO] root: Saved: cfv1ogu10pbxn79j9ljst3190_20260302_00_00_00_defensa_y_justicia_res_lanus_res.json
2026-04-12 19:47:47,753 [INFO] root: Processing 192/248: Newell's Old Boys Res. vs Colón Res.
2026-04-12 19:47:47,754 [INFO] root: Downloading stats: Newell's Old Boys Res. vs Colón Res.
2026-04-12 19:47:47,963 [INFO] root: Saved: cfbq6bx070wox6i2d6sdde2ok_20260302_00_00_00_newells_old_boys_res_colon_res.json
2026-04-12 19:47:48,965 [INFO] root: Processing 193/248: Unión Res. vs Sarmiento Res.
2026-04-12 19:47:48,966 [INFO] root: Downloading stats: Unión Res. vs Sarmiento Res.
2026-04-12 19:47:49,145 [INFO] root: Saved: cax15m1rtgpxfvmsvox4qw0t0_20260302_00_00_00_union_res_sarmiento_res.json
2026-04-12 19:47:50,146 [INFO] root: Processing 194/248: Gimnasia La Plata Res. vs Argentinos Juniors Res.
2026-04-12 19:47:50,148 [INFO] root: Downloading stats: Gimnasia La Plata Res. vs Argentinos Juniors Res.
2026-04-12 19:47:50,403 [INFO] root: Saved: cag6n9ax0weai2l7qk3ok2al0_20260302_00_00_00_gimnasia_la_plata_res_argentinos_juniors_res.json
2026-04-12 19:47:51,404 [INFO] root: Processing 195/248: River Plate Res. vs Gimnasia Mendoza Res.
2026-04-12 19:47:51,404 [INFO] root: Downloading stats: River Plate Res. vs Gimnasia Mendoza Res.
2026-04-12 19:47:51,644 [INFO] root: Saved: c3r1vxes6svrtlhqthl7z3tas_20260218_00_00_00_river_plate_res_gimnasia_mendoza_res.json
2026-04-12 19:47:52,647 [INFO] root: Processing 196/248: Lanús Res. vs Estudiantes RC Res.
2026-04-12 19:47:52,653 [INFO] root: Downloading stats: Lanús Res. vs Estudiantes RC Res.
2026-04-12 19:47:52,817 [INFO] root: Saved: c91mszl0nl40anuhswobuejv8_20260218_00_00_00_lanus_res_estudiantes_rc_res.json
2026-04-12 19:47:53,818 [INFO] root: Processing 197/248: Belgrano Res. vs Huracán Res.
2026-04-12 19:47:53,818 [INFO] root: Downloading stats: Belgrano Res. vs Huracán Res.
2026-04-12 19:47:54,189 [INFO] root: Saved: c8lxg2iehqb1j1x6cy6p22a6s_20260218_00_00_00_belgrano_res_huracan_res.json
2026-04-12 19:47:55,191 [INFO] root: Processing 198/248: San Martín San Juan Res. vs Independiente Res.
2026-04-12 19:47:55,195 [INFO] root: Downloading stats: San Martín San Juan Res. vs Independiente Res.
2026-04-12 19:47:55,480 [INFO] root: Saved: c79oiu518pd2ppy212mnpg2l0_20260218_00_00_00_san_martin_san_juan_res_independiente_res.json
2026-04-12 19:47:56,481 [INFO] root: Processing 199/248: Estudiantes Res. vs Platense Res.
2026-04-12 19:47:56,481 [INFO] root: Downloading stats: Estudiantes Res. vs Platense Res.
2026-04-12 19:47:56,611 [INFO] root: Saved: c6e5h0ysa6lxhkwxnmb88u3o4_20260218_00_00_00_estudiantes_res_platense_res.json
2026-04-12 19:47:57,612 [INFO] root: Processing 200/248: Colón Res. vs Quilmes Res.
2026-04-12 19:47:57,614 [INFO] root: Downloading stats: Colón Res. vs Quilmes Res.
2026-04-12 19:47:57,751 [INFO] root: Saved: c5yp2yjsijnm3venfe5j4r2ms_20260218_00_00_00_colon_res_quilmes_res.json
2026-04-12 19:47:58,752 [INFO] root: Progress: 200/248 (80.6%) | Speed: 44.45 matches/min | Success: 200 | Skipped: 0 | Failures: 0
2026-04-12 19:47:58,753 [INFO] root: Estimated time remaining: 1.1 minutes
2026-04-12 19:47:58,754 [INFO] root: Processing 201/248: Sarmiento Res. vs Atlético Tucumán Res.
2026-04-12 19:47:58,756 [INFO] root: Downloading stats: Sarmiento Res. vs Atlético Tucumán Res.
2026-04-12 19:47:58,884 [INFO] root: Saved: c4lwh3b5z444um8jmjfww92qc_20260218_00_00_00_sarmiento_res_atletico_tucuman_res.json
2026-04-12 19:47:59,885 [INFO] root: Processing 202/248: Central Córdoba SdE Res. vs Atlético Rafaela Res.
2026-04-12 19:47:59,888 [INFO] root: Downloading stats: Central Córdoba SdE Res. vs Atlético Rafaela Res.
2026-04-12 19:48:00,359 [INFO] root: Saved: c6tq03288cch2n6ufl7a8kkr8_20260218_00_00_00_central_cordoba_sde_res_atletico_rafaela_res.json
2026-04-12 19:48:01,362 [INFO] root: Processing 203/248: Independiente Riva. Res. vs Boca Juniors Res.
2026-04-12 19:48:01,367 [INFO] root: Downloading stats: Independiente Riva. Res. vs Boca Juniors Res.
2026-04-12 19:48:01,488 [INFO] root: Saved: c7pjnwj4krpyryuxtax301t78_20260217_00_00_00_independiente_riva_res_boca_juniors_res.json
2026-04-12 19:48:02,489 [INFO] root: Processing 204/248: Newell's Old Boys Res. vs Defensa y Justicia Res.
2026-04-12 19:48:02,491 [INFO] root: Downloading stats: Newell's Old Boys Res. vs Defensa y Justicia Res.
2026-04-12 19:48:02,782 [INFO] root: Saved: c9iw2x7qmrxomd8odvzxl3huc_20260217_00_00_00_newells_old_boys_res_defensa_y_justicia_res.json
2026-04-12 19:48:03,783 [INFO] root: Processing 205/248: Deportivo Riestra Res. vs Ferro Carril Oeste Res.
2026-04-12 19:48:03,784 [INFO] root: Downloading stats: Deportivo Riestra Res. vs Ferro Carril Oeste Res.
2026-04-12 19:48:04,039 [INFO] root: Saved: c85getu1k0sbmdofw618rbdw4_20260217_00_00_00_deportivo_riestra_res_ferro_carril_oeste_res.json
2026-04-12 19:48:05,040 [INFO] root: Processing 206/248: Racing Club Res. vs Godoy Cruz Res.
2026-04-12 19:48:05,041 [INFO] root: Downloading stats: Racing Club Res. vs Godoy Cruz Res.
2026-04-12 19:48:05,422 [INFO] root: Saved: c46dltwbwg9u8gj25an4p0rv8_20260217_00_00_00_racing_club_res_godoy_cruz_res.json
2026-04-12 19:48:06,423 [INFO] root: Processing 207/248: Vélez Sársfield Res. vs Barracas Central Res.
2026-04-12 19:48:06,424 [INFO] root: Downloading stats: Vélez Sársfield Res. vs Barracas Central Res.
2026-04-12 19:48:06,679 [INFO] root: Saved: c3bomo9lmjv2hf2prb7uxlxjo_20260217_00_00_00_velez_sarsfield_res_barracas_central_res.json
2026-04-12 19:48:07,680 [INFO] root: Processing 208/248: San Lorenzo Res. vs Talleres de Córdoba Res.
2026-04-12 19:48:07,681 [INFO] root: Downloading stats: San Lorenzo Res. vs Talleres de Córdoba Res.
2026-04-12 19:48:07,795 [INFO] root: Saved: c2w5sep81dbusg4nidcdnjmz8_20260217_00_00_00_san_lorenzo_res_talleres_de_cordoba_res.json
2026-04-12 19:48:08,796 [INFO] root: Processing 209/248: Aldosivi Res. vs Gimnasia La Plata Res.
2026-04-12 19:48:08,797 [INFO] root: Downloading stats: Aldosivi Res. vs Gimnasia La Plata Res.
2026-04-12 19:48:09,113 [INFO] root: Saved: c5j4vqjwdw5kr60ac74mvzdhw_20260216_00_00_00_aldosivi_res_gimnasia_la_plata_res.json
2026-04-12 19:48:10,114 [INFO] root: Processing 210/248: Argentinos Juniors Res. vs Unión Res.
2026-04-12 19:48:10,116 [INFO] root: Downloading stats: Argentinos Juniors Res. vs Unión Res.
2026-04-12 19:48:10,341 [INFO] root: Saved: c51plut43k768unq3wfd37w9g_20260216_00_00_00_argentinos_juniors_res_union_res.json
2026-04-12 19:48:11,345 [INFO] root: Processing 211/248: Tigre Res. vs Banfield Res.
2026-04-12 19:48:11,349 [INFO] root: Downloading stats: Tigre Res. vs Banfield Res.
2026-04-12 19:48:11,670 [INFO] root: Saved: c2fv3hfsmtg5v3c8yuagaquc4_20260216_00_00_00_tigre_res_banfield_res.json
2026-04-12 19:48:12,672 [INFO] root: Processing 212/248: Instituto Res. vs Rosario Central Res.
2026-04-12 19:48:12,673 [INFO] root: Downloading stats: Instituto Res. vs Rosario Central Res.
2026-04-12 19:48:13,158 [INFO] root: Saved: c1whki7mo1vke2x80kb0cg7is_20260216_00_00_00_instituto_res_rosario_central_res.json
2026-04-12 19:48:14,159 [INFO] root: Processing 213/248: Platense Res. vs Central Córdoba SdE Res.
2026-04-12 19:48:14,160 [INFO] root: Downloading stats: Platense Res. vs Central Córdoba SdE Res.
2026-04-12 19:48:14,425 [INFO] root: Saved: c0uwqa82wgzf08aj7uw2mxxjo_20260212_00_00_00_platense_res_central_cordoba_sde_res.json
2026-04-12 19:48:15,427 [INFO] root: Processing 214/248: Independiente Res. vs Independiente Riva. Res.
2026-04-12 19:48:15,427 [INFO] root: Downloading stats: Independiente Res. vs Independiente Riva. Res.
2026-04-12 19:48:15,687 [INFO] root: Saved: bzvzz0dwndiu685scv3sbff9w_20260212_00_00_00_independiente_res_independiente_riva_res.json
2026-04-12 19:48:16,688 [INFO] root: Processing 215/248: Estudiantes RC Res. vs Newell's Old Boys Res.
2026-04-12 19:48:16,690 [INFO] root: Downloading stats: Estudiantes RC Res. vs Newell's Old Boys Res.
2026-04-12 19:48:16,826 [INFO] root: Saved: by4wcfgqn66oxydgkpfzi87is_20260212_00_00_00_estudiantes_rc_res_newells_old_boys_res.json
2026-04-12 19:48:17,827 [INFO] root: Processing 216/248: Defensa y Justicia Res. vs Colón Res.
2026-04-12 19:48:17,827 [INFO] root: Downloading stats: Defensa y Justicia Res. vs Colón Res.
2026-04-12 19:48:18,133 [INFO] root: Saved: bxp5oq1ypn4bvrq5m5lrz5hck_20260212_00_00_00_defensa_y_justicia_res_colon_res.json
2026-04-12 19:48:19,134 [INFO] root: Processing 217/248: Talleres de Córdoba Res. vs Vélez Sársfield Res.
2026-04-12 19:48:19,135 [INFO] root: Downloading stats: Talleres de Córdoba Res. vs Vélez Sársfield Res.
2026-04-12 19:48:19,355 [INFO] root: Saved: bwdzsg9230w6bu1jknagayx3o_20260212_00_00_00_talleres_de_cordoba_res_velez_sarsfield_res.json
2026-04-12 19:48:20,358 [INFO] root: Processing 218/248: Godoy Cruz Res. vs Sarmiento Res.
2026-04-12 19:48:20,362 [INFO] root: Downloading stats: Godoy Cruz Res. vs Sarmiento Res.
2026-04-12 19:48:20,628 [INFO] root: Saved: bv0ctv62iv2r2byck99i4mcr8_20260212_00_00_00_godoy_cruz_res_sarmiento_res.json
2026-04-12 19:48:21,630 [INFO] root: Processing 219/248: Atlético Tucumán Res. vs Argentinos Juniors Res.
2026-04-12 19:48:21,631 [INFO] root: Downloading stats: Atlético Tucumán Res. vs Argentinos Juniors Res.
2026-04-12 19:48:21,865 [INFO] root: Saved: bukwcpssvejun1im1rafs5vdg_20260212_00_00_00_atletico_tucuman_res_argentinos_juniors_res.json
2026-04-12 19:48:22,867 [INFO] root: Processing 220/248: Quilmes Res. vs Estudiantes Res.
2026-04-12 19:48:22,871 [INFO] root: Downloading stats: Quilmes Res. vs Estudiantes Res.
2026-04-12 19:48:23,140 [INFO] root: Saved: c1cokrx4mgrl61px8lmsojtw4_20260211_00_00_00_quilmes_res_estudiantes_res.json
2026-04-12 19:48:24,140 [INFO] root: Progress: 220/248 (88.7%) | Speed: 44.70 matches/min | Success: 220 | Skipped: 0 | Failures: 0
2026-04-12 19:48:24,141 [INFO] root: Estimated time remaining: 0.6 minutes
2026-04-12 19:48:24,141 [INFO] root: Processing 221/248: Atlético Rafaela Res. vs San Martín San Juan Res.
2026-04-12 19:48:24,142 [INFO] root: Downloading stats: Atlético Rafaela Res. vs San Martín San Juan Res.
2026-04-12 19:48:24,348 [INFO] root: Saved: c0f1cz8zgcf9rofm4s7j4hrmc_20260211_00_00_00_atletico_rafaela_res_san_martin_san_juan_res.json
2026-04-12 19:48:25,349 [INFO] root: Processing 222/248: Huracán Res. vs Lanús Res.
2026-04-12 19:48:25,349 [INFO] root: Downloading stats: Huracán Res. vs Lanús Res.
2026-04-12 19:48:25,466 [INFO] root: Saved: byki8gmqpop6qmq0ofohatzbo_20260211_00_00_00_huracan_res_lanus_res.json
2026-04-12 19:48:26,468 [INFO] root: Processing 223/248: Barracas Central Res. vs River Plate Res.
2026-04-12 19:48:26,471 [INFO] root: Downloading stats: Barracas Central Res. vs River Plate Res.
2026-04-12 19:48:26,652 [INFO] root: Saved: bvyl9ygj7z02qhwpaujjez9qs_20260211_00_00_00_barracas_central_res_river_plate_res.json
2026-04-12 19:48:27,654 [INFO] root: Processing 224/248: Boca Juniors Res. vs Deportivo Riestra Res.
2026-04-12 19:48:27,655 [INFO] root: Downloading stats: Boca Juniors Res. vs Deportivo Riestra Res.
2026-04-12 19:48:27,804 [INFO] root: Saved: bzg7tp1spu48asyrbh2ektafo_20260211_00_00_00_boca_juniors_res_deportivo_riestra_res.json
2026-04-12 19:48:28,806 [INFO] root: Processing 225/248: Gimnasia Mendoza Res. vs Racing Club Res.
2026-04-12 19:48:28,809 [INFO] root: Downloading stats: Gimnasia Mendoza Res. vs Racing Club Res.
2026-04-12 19:48:28,914 [INFO] root: Saved: bvj2vvls1tbn1gdppo9kvxkpg_20260210_00_00_00_gimnasia_mendoza_res_racing_club_res.json
2026-04-12 19:48:29,915 [INFO] root: Processing 226/248: Ferro Carril Oeste Res. vs Belgrano Res.
2026-04-12 19:48:29,916 [INFO] root: Downloading stats: Ferro Carril Oeste Res. vs Belgrano Res.
2026-04-12 19:48:30,738 [INFO] root: Saved: bz02kwe6c6uzebjgejxjbmal0_20260210_00_00_00_ferro_carril_oeste_res_belgrano_res.json
2026-04-12 19:48:31,740 [INFO] root: Processing 227/248: Rosario Central Res. vs Tigre Res.
2026-04-12 19:48:31,741 [INFO] root: Downloading stats: Rosario Central Res. vs Tigre Res.
2026-04-12 19:48:32,016 [INFO] root: Saved: bx8yvhp13hvqde1zb191ae39w_20260210_00_00_00_rosario_central_res_tigre_res.json
2026-04-12 19:48:33,018 [INFO] root: Processing 228/248: Banfield Res. vs San Lorenzo Res.
2026-04-12 19:48:33,023 [INFO] root: Downloading stats: Banfield Res. vs San Lorenzo Res.
2026-04-12 19:48:33,563 [INFO] root: Saved: bwtjf1q1apvj5ndklk0cluqdw_20260210_00_00_00_banfield_res_san_lorenzo_res.json
2026-04-12 19:48:34,564 [INFO] root: Processing 229/248: Unión Res. vs Aldosivi Res.
2026-04-12 19:48:34,567 [INFO] root: Downloading stats: Unión Res. vs Aldosivi Res.
2026-04-12 19:48:34,817 [INFO] root: Saved: bu5m833mns62scwgywmhvi9zo_20260210_00_00_00_union_res_aldosivi_res.json
2026-04-12 19:48:35,819 [INFO] root: Processing 230/248: Gimnasia La Plata Res. vs Instituto Res.
2026-04-12 19:48:35,820 [INFO] root: Downloading stats: Gimnasia La Plata Res. vs Instituto Res.
2026-04-12 19:48:36,030 [INFO] root: Saved: btpw6pnzc1aj9dwsr5tiq15w4_20260210_00_00_00_gimnasia_la_plata_res_instituto_res.json
2026-04-12 19:48:37,032 [INFO] root: Processing 231/248: Central Córdoba SdE Res. vs Quilmes Res.
2026-04-12 19:48:37,034 [INFO] root: Downloading stats: Central Córdoba SdE Res. vs Quilmes Res.
2026-04-12 19:48:37,275 [INFO] root: Saved: bpln013hma3mrap19bongm39w_20260206_00_00_00_central_cordoba_sde_res_quilmes_res.json
2026-04-12 19:48:38,277 [INFO] root: Processing 232/248: River Plate Res. vs Talleres de Córdoba Res.
2026-04-12 19:48:38,280 [INFO] root: Downloading stats: River Plate Res. vs Talleres de Córdoba Res.
2026-04-12 19:48:38,398 [INFO] root: Saved: bm1sjlc4jtam7q2offza54m50_20260205_00_00_00_river_plate_res_talleres_de_cordoba_res.json
2026-04-12 19:48:39,399 [INFO] root: Processing 233/248: Defensa y Justicia Res. vs Estudiantes RC Res.
2026-04-12 19:48:39,403 [INFO] root: Downloading stats: Defensa y Justicia Res. vs Estudiantes RC Res.
2026-04-12 19:48:39,617 [INFO] root: Saved: btahk52q3oirpa32ysbxoi1w4_20260205_00_00_00_defensa_y_justicia_res_estudiantes_rc_res.json
2026-04-12 19:48:40,619 [INFO] root: Processing 234/248: Independiente Riva. Res. vs Atlético Rafaela Res.
2026-04-12 19:48:40,619 [INFO] root: Downloading stats: Independiente Riva. Res. vs Atlético Rafaela Res.
2026-04-12 19:48:40,885 [INFO] root: Saved: bqpj8ws2ds4eqo91joayvdv6c_20260205_00_00_00_independiente_riva_res_atletico_rafaela_res.json
2026-04-12 19:48:41,887 [INFO] root: Processing 235/248: San Martín San Juan Res. vs Platense Res.
2026-04-12 19:48:41,890 [INFO] root: Downloading stats: San Martín San Juan Res. vs Platense Res.
2026-04-12 19:48:42,063 [INFO] root: Saved: bq45zw9696qgyh9k3y6q46n10_20260205_00_00_00_san_martin_san_juan_res_platense_res.json
2026-04-12 19:48:43,064 [INFO] root: Processing 236/248: Argentinos Juniors Res. vs Godoy Cruz Res.
2026-04-12 19:48:43,066 [INFO] root: Downloading stats: Argentinos Juniors Res. vs Godoy Cruz Res.
2026-04-12 19:48:43,221 [INFO] root: Saved: bnk1x9xqjwpug7yhkmepp3qj8_20260205_00_00_00_argentinos_juniors_res_godoy_cruz_res.json
2026-04-12 19:48:44,223 [INFO] root: Processing 237/248: Lanús Res. vs Ferro Carril Oeste Res.
2026-04-12 19:48:44,227 [INFO] root: Downloading stats: Lanús Res. vs Ferro Carril Oeste Res.
2026-04-12 19:48:44,413 [INFO] root: Saved: bsa8dngrxt8iip4zc5yi4hclw_20260204_00_00_00_lanus_res_ferro_carril_oeste_res.json
2026-04-12 19:48:45,414 [INFO] root: Processing 238/248: Belgrano Res. vs Boca Juniors Res.
2026-04-12 19:48:45,416 [INFO] root: Downloading stats: Belgrano Res. vs Boca Juniors Res.
2026-04-12 19:48:45,565 [INFO] root: Saved: brqsooaqlpvw5z1tbg6ao42l0_20260204_00_00_00_belgrano_res_boca_juniors_res.json
2026-04-12 19:48:46,566 [INFO] root: Processing 239/248: Sarmiento Res. vs Gimnasia Mendoza Res.
2026-04-12 19:48:46,567 [INFO] root: Downloading stats: Sarmiento Res. vs Gimnasia Mendoza Res.
2026-04-12 19:48:47,045 [INFO] root: Saved: bn1ty3l9xse3b47z7wdw5k3ys_20260204_00_00_00_sarmiento_res_gimnasia_mendoza_res.json
2026-04-12 19:48:48,047 [INFO] root: Processing 240/248: Racing Club Res. vs Barracas Central Res.
2026-04-12 19:48:48,050 [INFO] root: Downloading stats: Racing Club Res. vs Barracas Central Res.
2026-04-12 19:48:48,356 [INFO] root: Saved: bmjmhbyx951x6qhwb4ci3hpg4_20260204_00_00_00_racing_club_res_barracas_central_res.json
2026-04-12 19:48:49,359 [INFO] root: Progress: 240/248 (96.8%) | Speed: 44.92 matches/min | Success: 240 | Skipped: 0 | Failures: 0
2026-04-12 19:48:49,359 [INFO] root: Estimated time remaining: 0.2 minutes
2026-04-12 19:48:49,360 [INFO] root: Processing 241/248: Vélez Sársfield Res. vs Banfield Res.
2026-04-12 19:48:49,361 [INFO] root: Downloading stats: Vélez Sársfield Res. vs Banfield Res.
2026-04-12 19:48:49,567 [INFO] root: Saved: bkxwjmcjezm6veifrb3mid8gk_20260204_00_00_00_velez_sarsfield_res_banfield_res.json
2026-04-12 19:48:50,568 [INFO] root: Processing 242/248: Instituto Res. vs Tigre Res.
2026-04-12 19:48:50,570 [INFO] root: Downloading stats: Instituto Res. vs Tigre Res.
2026-04-12 19:48:50,789 [INFO] root: Saved: bka69sjqb88pu7okfjp7migic_20260204_00_00_00_instituto_res_tigre_res.json
2026-04-12 19:48:51,791 [INFO] root: Processing 243/248: Newell's Old Boys Res. vs Huracán Res.
2026-04-12 19:48:51,791 [INFO] root: Downloading stats: Newell's Old Boys Res. vs Huracán Res.
2026-04-12 19:48:52,122 [INFO] root: Saved: bssg7kzaf9vyror68sfghqjh0_20260203_00_00_00_newells_old_boys_res_huracan_res.json
2026-04-12 19:48:53,123 [INFO] root: Processing 244/248: Deportivo Riestra Res. vs Independiente Res.
2026-04-12 19:48:53,124 [INFO] root: Downloading stats: Deportivo Riestra Res. vs Independiente Res.
2026-04-12 19:48:53,414 [INFO] root: Saved: br8wk3uoshxbvlbloewk41btg_20260203_00_00_00_deportivo_riestra_res_independiente_res.json
2026-04-12 19:48:54,416 [INFO] root: Processing 245/248: Colón Res. vs Estudiantes Res.
2026-04-12 19:48:54,418 [INFO] root: Downloading stats: Colón Res. vs Estudiantes Res.
2026-04-12 19:48:54,689 [INFO] root: Saved: bp2va86uqsk7bw8oz0nn6untg_20260203_00_00_00_colon_res_estudiantes_res.json
2026-04-12 19:48:55,691 [INFO] root: Processing 246/248: Gimnasia La Plata Res. vs Unión Res.
2026-04-12 19:48:55,695 [INFO] root: Downloading stats: Gimnasia La Plata Res. vs Unión Res.
2026-04-12 19:48:55,791 [INFO] root: Saved: boknlv12tw5bwtx29l8z2tzbo_20260203_00_00_00_gimnasia_la_plata_res_union_res.json
2026-04-12 19:48:56,792 [INFO] root: Processing 247/248: Aldosivi Res. vs Atlético Tucumán Res.
2026-04-12 19:48:56,793 [INFO] root: Downloading stats: Aldosivi Res. vs Atlético Tucumán Res.
2026-04-12 19:48:56,993 [INFO] root: Saved: bo2a9sd48pufq394meqznf47o_20260203_00_00_00_aldosivi_res_atletico_tucuman_res.json
2026-04-12 19:48:57,994 [INFO] root: Processing 248/248: San Lorenzo Res. vs Rosario Central Res.
2026-04-12 19:48:57,996 [INFO] root: Downloading stats: San Lorenzo Res. vs Rosario Central Res.
2026-04-12 19:48:58,182 [INFO] root: Saved: bljavrr1ccrfzurbggm3fuyok_20260203_00_00_00_san_lorenzo_res_rosario_central_res.json
2026-04-12 19:48:59,183 [INFO] root: ============================================================
2026-04-12 19:48:59,184 [INFO] root: FINAL SUMMARY - MATCH STATS DOWNLOAD
2026-04-12 19:48:59,184 [INFO] root: ============================================================
2026-04-12 19:48:59,184 [INFO] root: Total time: 330.4 seconds (5.5 minutes)
2026-04-12 19:48:59,184 [INFO] root: Matches processed: 248/248
2026-04-12 19:48:59,184 [INFO] root: Success: 248
2026-04-12 19:48:59,184 [INFO] root: Skipped (already existed): 0
2026-04-12 19:48:59,184 [INFO] root: Failures: 0
2026-04-12 19:48:59,185 [INFO] root: Average speed: 45.04 matches/minute
2026-04-12 19:48:59,185 [INFO] root: Success rate: 100.0%
2026-04-12 19:48:59,220 [INFO] root: Consolidated match stats saved to: schema\all_matches_stats.csv
